Watching for file changes with StatReloader
[22/May/2026 16:22:34] "GET /api/readings/latest/ HTTP/1.1" 200 137
[22/May/2026 16:22:34,483] - Broken pipe from ('127.0.0.1', 50245)
[22/May/2026 16:23:27] "GET /api/readings/latest/ HTTP/1.1" 200 137
[22/May/2026 16:23:27] "GET /api/readings/ HTTP/1.1" 200 139
[22/May/2026 16:23:27] "GET /api/readings/latest/ HTTP/1.1" 200 137
[22/May/2026 16:23:27] "GET /api/readings/ HTTP/1.1" 200 139
[22/May/2026 16:23:29] "GET /api/readings/ HTTP/1.1" 200 139
[22/May/2026 16:23:29] "GET /api/readings/latest/ HTTP/1.1" 200 137
[22/May/2026 16:23:31] "GET /api/readings/latest/ HTTP/1.1" 200 137
[22/May/2026 16:23:31] "GET /api/readings/ HTTP/1.1" 200 139
[22/May/2026 16:23:33] "GET /api/readings/latest/ HTTP/1.1" 200 137
[22/May/2026 16:23:33] "GET /api/readings/ HTTP/1.1" 200 139
[22/May/2026 16:23:38] "GET /api/readings/latest/ HTTP/1.1" 200 137
[22/May/2026 16:23:38] "GET /api/readings/ HTTP/1.1" 200 139
[22/May/2026 16:23:38] "GET /api/readings/latest/ HTTP/1.1" 200 137
[22/May/2026 16:23:38] "GET /api/readings/ HTTP/1.1" 200 139
[22/May/2026 16:23:40] "GET /api/readings/latest/ HTTP/1.1" 200 137
[22/May/2026 16:23:40] "GET /api/readings/ HTTP/1.1" 200 139
[22/May/2026 16:23:42] "GET /api/readings/latest/ HTTP/1.1" 200 137
[22/May/2026 16:23:42] "GET /api/readings/ HTTP/1.1" 200 139
[22/May/2026 16:23:44] "GET /api/readings/ HTTP/1.1" 200 139
[22/May/2026 16:23:44] "GET /api/readings/latest/ HTTP/1.1" 200 137
[22/May/2026 16:23:46] "GET /api/readings/latest/ HTTP/1.1" 200 137
[22/May/2026 16:23:46] "GET /api/readings/ HTTP/1.1" 200 139
[22/May/2026 16:23:48] "GET /api/readings/latest/ HTTP/1.1" 200 137
[22/May/2026 16:23:48] "GET /api/readings/ HTTP/1.1" 200 139
[22/May/2026 16:23:50] "GET /api/readings/latest/ HTTP/1.1" 200 137
[22/May/2026 16:23:50] "GET /api/readings/ HTTP/1.1" 200 139
[22/May/2026 16:23:52] "GET /api/readings/latest/ HTTP/1.1" 200 137
[22/May/2026 16:23:52] "GET /api/readings/ HTTP/1.1" 200 139
[22/May/2026 16:23:54] "GET /api/readings/latest/ HTTP/1.1" 200 137
[22/May/2026 16:23:54] "GET /api/readings/ HTTP/1.1" 200 139
[22/May/2026 16:23:56] "GET /api/readings/latest/ HTTP/1.1" 200 137
[22/May/2026 16:23:56] "GET /api/readings/ HTTP/1.1" 200 139
[22/May/2026 16:23:58] "GET /api/readings/latest/ HTTP/1.1" 200 137
[22/May/2026 16:23:58] "GET /api/readings/ HTTP/1.1" 200 139
[22/May/2026 16:24:00] "GET /api/readings/latest/ HTTP/1.1" 200 137
[22/May/2026 16:24:00] "GET /api/readings/ HTTP/1.1" 200 139
[22/May/2026 16:24:01] "OPTIONS /api/readings/ HTTP/1.1" 200 0
[22/May/2026 16:24:01] "POST /api/readings/ HTTP/1.1" 201 137
[22/May/2026 16:24:01] "GET /api/readings/latest/ HTTP/1.1" 200 137
[22/May/2026 16:24:01] "GET /api/readings/ HTTP/1.1" 200 277
[22/May/2026 16:24:02] "GET /api/readings/latest/ HTTP/1.1" 200 137
[22/May/2026 16:24:02] "GET /api/readings/ HTTP/1.1" 200 277
[22/May/2026 16:24:04] "GET /api/readings/ HTTP/1.1" 200 277
[22/May/2026 16:24:04] "GET /api/readings/latest/ HTTP/1.1" 200 137
[22/May/2026 16:24:06] "GET /api/readings/latest/ HTTP/1.1" 200 137
[22/May/2026 16:24:06] "GET /api/readings/ HTTP/1.1" 200 277
[22/May/2026 16:24:08] "GET /api/readings/latest/ HTTP/1.1" 200 137
[22/May/2026 16:24:08] "GET /api/readings/ HTTP/1.1" 200 277
[22/May/2026 16:24:10] "GET /api/readings/latest/ HTTP/1.1" 200 137
[22/May/2026 16:24:10] "GET /api/readings/ HTTP/1.1" 200 277
[22/May/2026 16:24:12] "GET /api/readings/ HTTP/1.1" 200 277
[22/May/2026 16:24:12] "GET /api/readings/latest/ HTTP/1.1" 200 137
[22/May/2026 16:24:14] "GET /api/readings/latest/ HTTP/1.1" 200 137
[22/May/2026 16:24:14] "GET /api/readings/ HTTP/1.1" 200 277
[22/May/2026 16:24:16] "GET /api/readings/latest/ HTTP/1.1" 200 137
[22/May/2026 16:24:16] "GET /api/readings/ HTTP/1.1" 200 277
[22/May/2026 16:24:18] "GET /api/readings/ HTTP/1.1" 200 277
[22/May/2026 16:24:18] "GET /api/readings/latest/ HTTP/1.1" 200 137
[22/May/2026 16:24:20] "GET /api/readings/ HTTP/1.1" 200 277
[22/May/2026 16:24:20] "GET /api/readings/latest/ HTTP/1.1" 200 137
[22/May/2026 16:24:22] "GET /api/readings/latest/ HTTP/1.1" 200 137
[22/May/2026 16:24:22] "GET /api/readings/ HTTP/1.1" 200 277
[22/May/2026 16:24:24] "GET /api/readings/latest/ HTTP/1.1" 200 137
[22/May/2026 16:24:24] "GET /api/readings/ HTTP/1.1" 200 277
[22/May/2026 16:24:26] "GET /api/readings/latest/ HTTP/1.1" 200 137
[22/May/2026 16:24:26] "GET /api/readings/ HTTP/1.1" 200 277
[22/May/2026 16:24:28] "GET /api/readings/latest/ HTTP/1.1" 200 137
[22/May/2026 16:24:28] "GET /api/readings/ HTTP/1.1" 200 277
[22/May/2026 16:24:30] "GET /api/readings/ HTTP/1.1" 200 277
[22/May/2026 16:24:30] "GET /api/readings/latest/ HTTP/1.1" 200 137
[22/May/2026 16:24:32] "GET /api/readings/latest/ HTTP/1.1" 200 137
[22/May/2026 16:24:32] "GET /api/readings/ HTTP/1.1" 200 277
[22/May/2026 16:24:34] "GET /api/readings/latest/ HTTP/1.1" 200 137
[22/May/2026 16:24:34] "GET /api/readings/ HTTP/1.1" 200 277
[22/May/2026 16:24:36] "GET /api/readings/latest/ HTTP/1.1" 200 137
[22/May/2026 16:24:36] "GET /api/readings/ HTTP/1.1" 200 277
[22/May/2026 16:24:38] "GET /api/readings/latest/ HTTP/1.1" 200 137
[22/May/2026 16:24:38] "GET /api/readings/ HTTP/1.1" 200 277
[22/May/2026 16:24:40] "GET /api/readings/ HTTP/1.1" 200 277
[22/May/2026 16:24:40] "GET /api/readings/latest/ HTTP/1.1" 200 137
[22/May/2026 16:24:42] "GET /api/readings/latest/ HTTP/1.1" 200 137
[22/May/2026 16:24:42] "GET /api/readings/ HTTP/1.1" 200 277
[22/May/2026 16:24:44] "GET /api/readings/latest/ HTTP/1.1" 200 137
[22/May/2026 16:24:44] "GET /api/readings/ HTTP/1.1" 200 277
[22/May/2026 16:24:46] "GET /api/readings/latest/ HTTP/1.1" 200 137
[22/May/2026 16:24:46] "GET /api/readings/ HTTP/1.1" 200 277
[22/May/2026 16:24:48] "GET /api/readings/latest/ HTTP/1.1" 200 137
[22/May/2026 16:24:48] "GET /api/readings/ HTTP/1.1" 200 277
[22/May/2026 16:24:50] "GET /api/readings/latest/ HTTP/1.1" 200 137
[22/May/2026 16:24:50] "GET /api/readings/ HTTP/1.1" 200 277
[22/May/2026 16:24:52] "GET /api/readings/latest/ HTTP/1.1" 200 137
[22/May/2026 16:24:52] "GET /api/readings/ HTTP/1.1" 200 277
[22/May/2026 16:24:54] "GET /api/readings/latest/ HTTP/1.1" 200 137
[22/May/2026 16:24:54] "GET /api/readings/ HTTP/1.1" 200 277
[22/May/2026 16:24:57] "GET /api/readings/latest/ HTTP/1.1" 200 137
[22/May/2026 16:24:57] "GET /api/readings/ HTTP/1.1" 200 277
[22/May/2026 16:24:58] "GET /api/readings/latest/ HTTP/1.1" 200 137
[22/May/2026 16:24:58] "GET /api/readings/ HTTP/1.1" 200 277
[22/May/2026 16:25:00] "GET /api/readings/ HTTP/1.1" 200 277
[22/May/2026 16:25:00] "GET /api/readings/latest/ HTTP/1.1" 200 137
[22/May/2026 16:25:02] "GET /api/readings/latest/ HTTP/1.1" 200 137
[22/May/2026 16:25:02] "GET /api/readings/ HTTP/1.1" 200 277
[22/May/2026 16:25:04] "GET /api/readings/latest/ HTTP/1.1" 200 137
[22/May/2026 16:25:04] "GET /api/readings/ HTTP/1.1" 200 277
[22/May/2026 16:25:07] "GET /api/readings/latest/ HTTP/1.1" 200 137
[22/May/2026 16:25:07] "GET /api/readings/ HTTP/1.1" 200 277
[22/May/2026 16:25:09] "GET /api/readings/latest/ HTTP/1.1" 200 137
[22/May/2026 16:25:09] "GET /api/readings/ HTTP/1.1" 200 277
[22/May/2026 16:25:11] "GET /api/readings/latest/ HTTP/1.1" 200 137
[22/May/2026 16:25:11] "GET /api/readings/ HTTP/1.1" 200 277
[22/May/2026 16:25:13] "GET /api/readings/latest/ HTTP/1.1" 200 137
[22/May/2026 16:25:13] "GET /api/readings/ HTTP/1.1" 200 277
[22/May/2026 16:25:15] "GET /api/readings/latest/ HTTP/1.1" 200 137
[22/May/2026 16:25:15] "GET /api/readings/ HTTP/1.1" 200 277
[22/May/2026 16:25:17] "GET /api/readings/ HTTP/1.1" 200 277
[22/May/2026 16:25:17] "GET /api/readings/latest/ HTTP/1.1" 200 137
[22/May/2026 16:25:19] "GET /api/readings/latest/ HTTP/1.1" 200 137
[22/May/2026 16:25:19] "GET /api/readings/ HTTP/1.1" 200 277
[22/May/2026 16:25:21] "GET /api/readings/ HTTP/1.1" 200 277
[22/May/2026 16:25:21] "GET /api/readings/latest/ HTTP/1.1" 200 137
[22/May/2026 16:25:23] "GET /api/readings/ HTTP/1.1" 200 277
[22/May/2026 16:25:23] "GET /api/readings/latest/ HTTP/1.1" 200 137
[22/May/2026 16:25:25] "GET /api/readings/latest/ HTTP/1.1" 200 137
[22/May/2026 16:25:25] "GET /api/readings/ HTTP/1.1" 200 277
[22/May/2026 16:25:27] "GET /api/readings/latest/ HTTP/1.1" 200 137
[22/May/2026 16:25:27] "GET /api/readings/ HTTP/1.1" 200 277
[22/May/2026 16:25:29] "GET /api/readings/latest/ HTTP/1.1" 200 137
[22/May/2026 16:25:29] "GET /api/readings/ HTTP/1.1" 200 277
[22/May/2026 16:25:31] "GET /api/readings/latest/ HTTP/1.1" 200 137
[22/May/2026 16:25:31] "GET /api/readings/ HTTP/1.1" 200 277
[22/May/2026 16:25:33] "GET /api/readings/latest/ HTTP/1.1" 200 137
[22/May/2026 16:25:33] "GET /api/readings/ HTTP/1.1" 200 277
[22/May/2026 16:25:35] "GET /api/readings/latest/ HTTP/1.1" 200 137
[22/May/2026 16:25:35] "GET /api/readings/ HTTP/1.1" 200 277
[22/May/2026 16:25:37] "GET /api/readings/ HTTP/1.1" 200 277
[22/May/2026 16:25:37] "GET /api/readings/latest/ HTTP/1.1" 200 137
[22/May/2026 16:25:39] "GET /api/readings/latest/ HTTP/1.1" 200 137
[22/May/2026 16:25:39] "GET /api/readings/ HTTP/1.1" 200 277
[22/May/2026 16:25:41] "GET /api/readings/ HTTP/1.1" 200 277
[22/May/2026 16:25:41] "GET /api/readings/latest/ HTTP/1.1" 200 137
[22/May/2026 16:25:43] "GET /api/readings/latest/ HTTP/1.1" 200 137
[22/May/2026 16:25:43] "GET /api/readings/ HTTP/1.1" 200 277
[22/May/2026 16:25:45] "GET /api/readings/latest/ HTTP/1.1" 200 137
[22/May/2026 16:25:45] "GET /api/readings/ HTTP/1.1" 200 277
[22/May/2026 16:25:47] "GET /api/readings/ HTTP/1.1" 200 277
[22/May/2026 16:25:47] "GET /api/readings/latest/ HTTP/1.1" 200 137
[22/May/2026 16:25:49] "GET /api/readings/latest/ HTTP/1.1" 200 137
[22/May/2026 16:25:49] "GET /api/readings/ HTTP/1.1" 200 277
[22/May/2026 16:25:51] "GET /api/readings/latest/ HTTP/1.1" 200 137
[22/May/2026 16:25:51] "GET /api/readings/ HTTP/1.1" 200 277
[22/May/2026 16:25:53] "GET /api/readings/latest/ HTTP/1.1" 200 137
[22/May/2026 16:25:53] "GET /api/readings/ HTTP/1.1" 200 277
[22/May/2026 16:25:55] "GET /api/readings/latest/ HTTP/1.1" 200 137
[22/May/2026 16:25:55] "GET /api/readings/ HTTP/1.1" 200 277
[22/May/2026 16:25:57] "GET /api/readings/latest/ HTTP/1.1" 200 137
[22/May/2026 16:25:57] "GET /api/readings/ HTTP/1.1" 200 277
[22/May/2026 16:25:59] "GET /api/readings/latest/ HTTP/1.1" 200 137
[22/May/2026 16:25:59] "GET /api/readings/ HTTP/1.1" 200 277
[22/May/2026 16:26:01] "GET /api/readings/latest/ HTTP/1.1" 200 137
[22/May/2026 16:26:01] "GET /api/readings/ HTTP/1.1" 200 277
[22/May/2026 16:26:03] "GET /api/readings/latest/ HTTP/1.1" 200 137
[22/May/2026 16:26:03] "GET /api/readings/ HTTP/1.1" 200 277
[22/May/2026 16:26:28] "GET /api/readings/ HTTP/1.1" 200 277
[22/May/2026 16:26:28] "GET /api/readings/latest/ HTTP/1.1" 200 137
[22/May/2026 16:26:46] "GET /api/readings/latest/ HTTP/1.1" 200 137
[22/May/2026 16:26:46] "GET /api/readings/ HTTP/1.1" 200 277
[22/May/2026 16:26:46] "GET /api/readings/latest/ HTTP/1.1" 200 137
[22/May/2026 16:26:46] "GET /api/readings/ HTTP/1.1" 200 277
[22/May/2026 16:26:48] "GET /api/readings/latest/ HTTP/1.1" 200 137
[22/May/2026 16:26:48] "GET /api/readings/ HTTP/1.1" 200 277
[22/May/2026 16:26:50] "GET /api/readings/latest/ HTTP/1.1" 200 137
[22/May/2026 16:26:50] "GET /api/readings/ HTTP/1.1" 200 277
[22/May/2026 16:26:52] "GET /api/readings/latest/ HTTP/1.1" 200 137
[22/May/2026 16:26:52] "GET /api/readings/ HTTP/1.1" 200 277
[22/May/2026 16:26:54] "GET /api/readings/latest/ HTTP/1.1" 200 137
[22/May/2026 16:26:54] "GET /api/readings/ HTTP/1.1" 200 277
[22/May/2026 16:26:56] "GET /api/readings/latest/ HTTP/1.1" 200 137
[22/May/2026 16:26:56] "GET /api/readings/ HTTP/1.1" 200 277
[22/May/2026 16:26:58] "GET /api/readings/latest/ HTTP/1.1" 200 137
[22/May/2026 16:26:58] "GET /api/readings/ HTTP/1.1" 200 277
[22/May/2026 16:27:00] "GET /api/readings/ HTTP/1.1" 200 277
[22/May/2026 16:27:00] "GET /api/readings/latest/ HTTP/1.1" 200 137
[22/May/2026 16:27:02] "GET /api/readings/latest/ HTTP/1.1" 200 137
[22/May/2026 16:27:02] "GET /api/readings/ HTTP/1.1" 200 277
[22/May/2026 16:27:04] "GET /api/readings/latest/ HTTP/1.1" 200 137
[22/May/2026 16:27:04] "GET /api/readings/ HTTP/1.1" 200 277
[22/May/2026 16:27:06] "GET /api/readings/ HTTP/1.1" 200 277
[22/May/2026 16:27:06] "GET /api/readings/latest/ HTTP/1.1" 200 137
[22/May/2026 16:27:08] "GET /api/readings/latest/ HTTP/1.1" 200 137
[22/May/2026 16:27:08] "GET /api/readings/ HTTP/1.1" 200 277
[22/May/2026 16:27:10] "GET /api/readings/latest/ HTTP/1.1" 200 137
[22/May/2026 16:27:10] "GET /api/readings/ HTTP/1.1" 200 277
[22/May/2026 16:27:12] "GET /api/readings/ HTTP/1.1" 200 277
[22/May/2026 16:27:12] "GET /api/readings/latest/ HTTP/1.1" 200 137
[22/May/2026 16:27:13] "GET /api/readings/latest/ HTTP/1.1" 200 137
[22/May/2026 16:27:13] "GET /api/readings/ HTTP/1.1" 200 277
[22/May/2026 16:27:13] "GET /api/readings/latest/ HTTP/1.1" 200 137
[22/May/2026 16:27:13] "GET /api/readings/ HTTP/1.1" 200 277
[22/May/2026 16:27:16] "GET /api/readings/latest/ HTTP/1.1" 200 137
[22/May/2026 16:27:16] "GET /api/readings/ HTTP/1.1" 200 277
[22/May/2026 16:27:18] "GET /api/readings/latest/ HTTP/1.1" 200 137
[22/May/2026 16:27:18] "GET /api/readings/ HTTP/1.1" 200 277
[22/May/2026 16:27:20] "GET /api/readings/latest/ HTTP/1.1" 200 137
[22/May/2026 16:27:20] "GET /api/readings/ HTTP/1.1" 200 277
[22/May/2026 16:27:22] "GET /api/readings/latest/ HTTP/1.1" 200 137
[22/May/2026 16:27:22] "GET /api/readings/ HTTP/1.1" 200 277
[22/May/2026 16:27:24] "GET /api/readings/latest/ HTTP/1.1" 200 137
[22/May/2026 16:27:24] "GET /api/readings/ HTTP/1.1" 200 277
[22/May/2026 16:27:26] "GET /api/readings/latest/ HTTP/1.1" 200 137
[22/May/2026 16:27:26] "GET /api/readings/ HTTP/1.1" 200 277
[22/May/2026 16:27:28] "GET /api/readings/latest/ HTTP/1.1" 200 137
[22/May/2026 16:27:28] "GET /api/readings/ HTTP/1.1" 200 277
[22/May/2026 16:27:30] "GET /api/readings/latest/ HTTP/1.1" 200 137
[22/May/2026 16:27:30] "GET /api/readings/ HTTP/1.1" 200 277
[22/May/2026 16:27:32] "GET /api/readings/latest/ HTTP/1.1" 200 137
[22/May/2026 16:27:32] "GET /api/readings/ HTTP/1.1" 200 277
[22/May/2026 16:27:34] "GET /api/readings/latest/ HTTP/1.1" 200 137
[22/May/2026 16:27:34] "GET /api/readings/ HTTP/1.1" 200 277
[22/May/2026 16:27:36] "GET /api/readings/latest/ HTTP/1.1" 200 137
[22/May/2026 16:27:36] "GET /api/readings/ HTTP/1.1" 200 277
[22/May/2026 16:27:38] "GET /api/readings/latest/ HTTP/1.1" 200 137
[22/May/2026 16:27:38] "GET /api/readings/ HTTP/1.1" 200 277
[22/May/2026 16:27:40] "GET /api/readings/ HTTP/1.1" 200 277
[22/May/2026 16:27:40] "GET /api/readings/latest/ HTTP/1.1" 200 137
[22/May/2026 16:27:42] "GET /api/readings/latest/ HTTP/1.1" 200 137
[22/May/2026 16:27:42] "GET /api/readings/ HTTP/1.1" 200 277
[22/May/2026 16:27:44] "GET /api/readings/latest/ HTTP/1.1" 200 137
[22/May/2026 16:27:44] "GET /api/readings/ HTTP/1.1" 200 277
[22/May/2026 16:27:46] "GET /api/readings/latest/ HTTP/1.1" 200 137
[22/May/2026 16:27:46] "GET /api/readings/ HTTP/1.1" 200 277
[22/May/2026 16:27:48] "GET /api/readings/latest/ HTTP/1.1" 200 137
[22/May/2026 16:27:48] "GET /api/readings/ HTTP/1.1" 200 277
[22/May/2026 16:27:50] "GET /api/readings/latest/ HTTP/1.1" 200 137
[22/May/2026 16:27:50] "GET /api/readings/ HTTP/1.1" 200 277
[22/May/2026 16:27:52] "GET /api/readings/latest/ HTTP/1.1" 200 137
[22/May/2026 16:27:52] "GET /api/readings/ HTTP/1.1" 200 277
[22/May/2026 16:27:54] "GET /api/readings/latest/ HTTP/1.1" 200 137
[22/May/2026 16:27:54] "GET /api/readings/ HTTP/1.1" 200 277
[22/May/2026 16:27:56] "GET /api/readings/latest/ HTTP/1.1" 200 137
[22/May/2026 16:27:56] "GET /api/readings/ HTTP/1.1" 200 277
[22/May/2026 16:27:58] "GET /api/readings/latest/ HTTP/1.1" 200 137
[22/May/2026 16:27:58] "GET /api/readings/ HTTP/1.1" 200 277
[22/May/2026 16:28:00] "GET /api/readings/latest/ HTTP/1.1" 200 137
[22/May/2026 16:28:00] "GET /api/readings/ HTTP/1.1" 200 277
[22/May/2026 16:28:02] "GET /api/readings/latest/ HTTP/1.1" 200 137
[22/May/2026 16:28:02] "GET /api/readings/ HTTP/1.1" 200 277
[22/May/2026 16:28:04] "GET /api/readings/latest/ HTTP/1.1" 200 137
[22/May/2026 16:28:04] "GET /api/readings/ HTTP/1.1" 200 277
[22/May/2026 16:28:06] "GET /api/readings/latest/ HTTP/1.1" 200 137
[22/May/2026 16:28:06] "GET /api/readings/ HTTP/1.1" 200 277
[22/May/2026 16:28:08] "GET /api/readings/latest/ HTTP/1.1" 200 137
[22/May/2026 16:28:08] "GET /api/readings/ HTTP/1.1" 200 277
[22/May/2026 16:28:10] "GET /api/readings/latest/ HTTP/1.1" 200 137
[22/May/2026 16:28:10] "GET /api/readings/ HTTP/1.1" 200 277
[22/May/2026 16:28:12] "GET /api/readings/latest/ HTTP/1.1" 200 137
[22/May/2026 16:28:12] "GET /api/readings/ HTTP/1.1" 200 277
[22/May/2026 16:28:28] "GET /api/readings/ HTTP/1.1" 200 277
[22/May/2026 16:28:28] "GET /api/readings/latest/ HTTP/1.1" 200 137
C:\Users\SAMUEL\OneDrive\Desktop\Sentinel-core\monitoring\urls.py changed, reloading.
Watching for file changes with StatReloader
[22/May/2026 16:28:47] "GET /api/readings/ HTTP/1.1" 200 277
[22/May/2026 16:28:47] "GET /api/readings/latest/ HTTP/1.1" 200 137
[22/May/2026 16:28:47] "GET /api/readings/stats/ HTTP/1.1" 200 211
[22/May/2026 16:28:47] "GET /api/readings/latest/ HTTP/1.1" 200 137
[22/May/2026 16:28:47] "GET /api/readings/ HTTP/1.1" 200 277
[22/May/2026 16:28:47] "GET /api/readings/stats/ HTTP/1.1" 200 211
[22/May/2026 16:28:50] "GET /api/readings/latest/ HTTP/1.1" 200 137
[22/May/2026 16:28:50] "GET /api/readings/ HTTP/1.1" 200 277
[22/May/2026 16:28:50] "GET /api/readings/stats/ HTTP/1.1" 200 211
[22/May/2026 16:28:52] "GET /api/readings/ HTTP/1.1" 200 277
[22/May/2026 16:28:52] "GET /api/readings/latest/ HTTP/1.1" 200 137
[22/May/2026 16:28:52] "GET /api/readings/stats/ HTTP/1.1" 200 211
[22/May/2026 16:28:54] "GET /api/readings/ HTTP/1.1" 200 277
[22/May/2026 16:28:54] "GET /api/readings/latest/ HTTP/1.1" 200 137
[22/May/2026 16:28:54] "GET /api/readings/stats/ HTTP/1.1" 200 211
[22/May/2026 16:28:56] "GET /api/readings/ HTTP/1.1" 200 277
[22/May/2026 16:28:56] "GET /api/readings/latest/ HTTP/1.1" 200 137
[22/May/2026 16:28:56] "GET /api/readings/stats/ HTTP/1.1" 200 211
[22/May/2026 16:28:58] "GET /api/readings/ HTTP/1.1" 200 277
[22/May/2026 16:28:58] "GET /api/readings/latest/ HTTP/1.1" 200 137
[22/May/2026 16:28:58] "GET /api/readings/stats/ HTTP/1.1" 200 211
[22/May/2026 16:29:00] "GET /api/readings/latest/ HTTP/1.1" 200 137
[22/May/2026 16:29:00] "GET /api/readings/ HTTP/1.1" 200 277
[22/May/2026 16:29:00] "GET /api/readings/stats/ HTTP/1.1" 200 211
[22/May/2026 16:29:02] "GET /api/readings/ HTTP/1.1" 200 277
[22/May/2026 16:29:02] "GET /api/readings/latest/ HTTP/1.1" 200 137
[22/May/2026 16:29:02] "GET /api/readings/stats/ HTTP/1.1" 200 211
[22/May/2026 16:29:04] "GET /api/readings/ HTTP/1.1" 200 277
[22/May/2026 16:29:04] "GET /api/readings/latest/ HTTP/1.1" 200 137
[22/May/2026 16:29:04] "GET /api/readings/stats/ HTTP/1.1" 200 211
[22/May/2026 16:29:06] "GET /api/readings/ HTTP/1.1" 200 277
[22/May/2026 16:29:06] "GET /api/readings/latest/ HTTP/1.1" 200 137
[22/May/2026 16:29:06] "GET /api/readings/stats/ HTTP/1.1" 200 211
[22/May/2026 16:29:08] "GET /api/readings/ HTTP/1.1" 200 277
[22/May/2026 16:29:08] "GET /api/readings/latest/ HTTP/1.1" 200 137
[22/May/2026 16:29:08] "GET /api/readings/stats/ HTTP/1.1" 200 211
[22/May/2026 16:29:10] "GET /api/readings/ HTTP/1.1" 200 277
[22/May/2026 16:29:10] "GET /api/readings/latest/ HTTP/1.1" 200 137
[22/May/2026 16:29:10] "GET /api/readings/stats/ HTTP/1.1" 200 211
[22/May/2026 16:29:12] "GET /api/readings/latest/ HTTP/1.1" 200 137
[22/May/2026 16:29:12] "GET /api/readings/ HTTP/1.1" 200 277
[22/May/2026 16:29:12] "GET /api/readings/stats/ HTTP/1.1" 200 211
[22/May/2026 16:29:14] "GET /api/readings/latest/ HTTP/1.1" 200 137
[22/May/2026 16:29:14] "GET /api/readings/ HTTP/1.1" 200 277
[22/May/2026 16:29:14] "GET /api/readings/stats/ HTTP/1.1" 200 211
[22/May/2026 16:29:16] "GET /api/readings/latest/ HTTP/1.1" 200 137
[22/May/2026 16:29:16] "GET /api/readings/ HTTP/1.1" 200 277
[22/May/2026 16:29:16] "GET /api/readings/stats/ HTTP/1.1" 200 211
[22/May/2026 16:29:18] "GET /api/readings/ HTTP/1.1" 200 277
[22/May/2026 16:29:18] "GET /api/readings/latest/ HTTP/1.1" 200 137
[22/May/2026 16:29:18] "GET /api/readings/stats/ HTTP/1.1" 200 211
[22/May/2026 16:29:20] "GET /api/readings/latest/ HTTP/1.1" 200 137
[22/May/2026 16:29:20] "GET /api/readings/ HTTP/1.1" 200 279
[22/May/2026 16:29:20] "GET /api/readings/stats/ HTTP/1.1" 200 211
[22/May/2026 16:29:22] "GET /api/readings/ HTTP/1.1" 200 279
[22/May/2026 16:29:22] "GET /api/readings/latest/ HTTP/1.1" 200 137
[22/May/2026 16:29:22] "GET /api/readings/stats/ HTTP/1.1" 200 211
[22/May/2026 16:29:24] "GET /api/readings/ HTTP/1.1" 200 279
[22/May/2026 16:29:24] "GET /api/readings/latest/ HTTP/1.1" 200 137
[22/May/2026 16:29:24] "GET /api/readings/stats/ HTTP/1.1" 200 211
[22/May/2026 16:29:26] "GET /api/readings/latest/ HTTP/1.1" 200 137
[22/May/2026 16:29:26] "GET /api/readings/ HTTP/1.1" 200 279
[22/May/2026 16:29:26] "GET /api/readings/stats/ HTTP/1.1" 200 211
[22/May/2026 16:29:28] "GET /api/readings/latest/ HTTP/1.1" 200 137
[22/May/2026 16:29:28] "GET /api/readings/ HTTP/1.1" 200 279
[22/May/2026 16:29:28] "GET /api/readings/stats/ HTTP/1.1" 200 211
[22/May/2026 16:29:30] "GET /api/readings/ HTTP/1.1" 200 279
[22/May/2026 16:29:30] "GET /api/readings/latest/ HTTP/1.1" 200 137
[22/May/2026 16:29:30] "GET /api/readings/stats/ HTTP/1.1" 200 211
[22/May/2026 16:29:32] "GET /api/readings/ HTTP/1.1" 200 279
[22/May/2026 16:29:32] "GET /api/readings/stats/ HTTP/1.1" 200 211
[22/May/2026 16:29:32] "GET /api/readings/latest/ HTTP/1.1" 200 137
[22/May/2026 16:29:34] "GET /api/readings/ HTTP/1.1" 200 279
[22/May/2026 16:29:34] "GET /api/readings/latest/ HTTP/1.1" 200 137
[22/May/2026 16:29:34] "GET /api/readings/stats/ HTTP/1.1" 200 211
[22/May/2026 16:29:36] "GET /api/readings/latest/ HTTP/1.1" 200 137
[22/May/2026 16:29:36] "GET /api/readings/ HTTP/1.1" 200 279
[22/May/2026 16:29:36] "GET /api/readings/stats/ HTTP/1.1" 200 211
[22/May/2026 16:29:38] "GET /api/readings/ HTTP/1.1" 200 279
[22/May/2026 16:29:38] "GET /api/readings/latest/ HTTP/1.1" 200 137
[22/May/2026 16:29:38] "GET /api/readings/stats/ HTTP/1.1" 200 211
[22/May/2026 16:29:40] "GET /api/readings/latest/ HTTP/1.1" 200 137
[22/May/2026 16:29:40] "GET /api/readings/ HTTP/1.1" 200 279
[22/May/2026 16:29:40] "GET /api/readings/stats/ HTTP/1.1" 200 211
[22/May/2026 16:29:42] "GET /api/readings/ HTTP/1.1" 200 279
[22/May/2026 16:29:42] "GET /api/readings/latest/ HTTP/1.1" 200 137
[22/May/2026 16:29:42] "GET /api/readings/stats/ HTTP/1.1" 200 211
[22/May/2026 16:29:44] "GET /api/readings/latest/ HTTP/1.1" 200 137
[22/May/2026 16:29:44] "GET /api/readings/ HTTP/1.1" 200 279
[22/May/2026 16:29:44] "GET /api/readings/stats/ HTTP/1.1" 200 211
[22/May/2026 16:29:46] "GET /api/readings/latest/ HTTP/1.1" 200 137
[22/May/2026 16:29:46] "GET /api/readings/ HTTP/1.1" 200 279
[22/May/2026 16:29:46] "GET /api/readings/stats/ HTTP/1.1" 200 211
[22/May/2026 16:30:28] "GET /api/readings/latest/ HTTP/1.1" 200 137
[22/May/2026 16:30:28] "GET /api/readings/ HTTP/1.1" 200 279
[22/May/2026 16:30:28] "GET /api/readings/stats/ HTTP/1.1" 200 211
[22/May/2026 16:30:40] "GET /api/readings/stats/ HTTP/1.1" 200 211
[22/May/2026 16:30:40,970] - Broken pipe from ('127.0.0.1', 60700)
[22/May/2026 16:31:28] "GET /api/readings/ HTTP/1.1" 200 279
[22/May/2026 16:31:28] "GET /api/readings/latest/ HTTP/1.1" 200 137
[22/May/2026 16:31:28] "GET /api/readings/stats/ HTTP/1.1" 200 211
[22/May/2026 16:32:28] "GET /api/readings/latest/ HTTP/1.1" 200 137
[22/May/2026 16:32:28] "GET /api/readings/ HTTP/1.1" 200 279
[22/May/2026 16:32:28] "GET /api/readings/stats/ HTTP/1.1" 200 211
[22/May/2026 16:33:28] "GET /api/readings/latest/ HTTP/1.1" 200 137
[22/May/2026 16:33:28] "GET /api/readings/ HTTP/1.1" 200 279
[22/May/2026 16:33:28] "GET /api/readings/stats/ HTTP/1.1" 200 211
[22/May/2026 16:34:28] "GET /api/readings/latest/ HTTP/1.1" 200 137
[22/May/2026 16:34:28] "GET /api/readings/ HTTP/1.1" 200 279
[22/May/2026 16:34:28] "GET /api/readings/stats/ HTTP/1.1" 200 211
[22/May/2026 16:35:28] "GET /api/readings/ HTTP/1.1" 200 279
[22/May/2026 16:35:28] "GET /api/readings/latest/ HTTP/1.1" 200 137
[22/May/2026 16:35:28] "GET /api/readings/stats/ HTTP/1.1" 200 211
[22/May/2026 16:36:28] "GET /api/readings/ HTTP/1.1" 200 279
[22/May/2026 16:36:28] "GET /api/readings/latest/ HTTP/1.1" 200 137
[22/May/2026 16:36:28] "GET /api/readings/stats/ HTTP/1.1" 200 211
[22/May/2026 16:37:28] "GET /api/readings/latest/ HTTP/1.1" 200 137
[22/May/2026 16:37:28] "GET /api/readings/stats/ HTTP/1.1" 200 211
[22/May/2026 16:37:28] "GET /api/readings/ HTTP/1.1" 200 279
[22/May/2026 16:38:28] "GET /api/readings/latest/ HTTP/1.1" 200 137
[22/May/2026 16:38:28] "GET /api/readings/ HTTP/1.1" 200 279
[22/May/2026 16:38:28] "GET /api/readings/stats/ HTTP/1.1" 200 211
[22/May/2026 16:38:47] "GET /api/readings/ HTTP/1.1" 200 279
[22/May/2026 16:38:47] "GET /api/readings/latest/ HTTP/1.1" 200 137
[22/May/2026 16:38:47] "GET /api/readings/stats/ HTTP/1.1" 200 211
[22/May/2026 16:38:50] "GET /api/readings/ HTTP/1.1" 200 279
[22/May/2026 16:38:50] "GET /api/readings/latest/ HTTP/1.1" 200 137
[22/May/2026 16:38:50] "GET /api/readings/stats/ HTTP/1.1" 200 211
[22/May/2026 16:38:52] "GET /api/readings/ HTTP/1.1" 200 279
[22/May/2026 16:38:52] "GET /api/readings/latest/ HTTP/1.1" 200 137
[22/May/2026 16:38:52] "GET /api/readings/stats/ HTTP/1.1" 200 211
[22/May/2026 16:38:54] "GET /api/readings/ HTTP/1.1" 200 279
[22/May/2026 16:38:54] "GET /api/readings/latest/ HTTP/1.1" 200 137
[22/May/2026 16:38:54] "GET /api/readings/stats/ HTTP/1.1" 200 211
[22/May/2026 16:38:56] "GET /api/readings/latest/ HTTP/1.1" 200 137
[22/May/2026 16:38:56] "GET /api/readings/ HTTP/1.1" 200 279
[22/May/2026 16:38:56] "GET /api/readings/stats/ HTTP/1.1" 200 211
[22/May/2026 16:38:58] "GET /api/readings/latest/ HTTP/1.1" 200 137
[22/May/2026 16:38:58] "GET /api/readings/ HTTP/1.1" 200 279
[22/May/2026 16:38:58] "GET /api/readings/stats/ HTTP/1.1" 200 211
[22/May/2026 16:39:00] "GET /api/readings/latest/ HTTP/1.1" 200 137
[22/May/2026 16:39:00] "GET /api/readings/stats/ HTTP/1.1" 200 211
[22/May/2026 16:39:00] "GET /api/readings/ HTTP/1.1" 200 279
[22/May/2026 16:39:02] "GET /api/readings/ HTTP/1.1" 200 279
[22/May/2026 16:39:02] "GET /api/readings/stats/ HTTP/1.1" 200 211
[22/May/2026 16:39:02] "GET /api/readings/latest/ HTTP/1.1" 200 137
[22/May/2026 16:39:04] "GET /api/readings/latest/ HTTP/1.1" 200 137
[22/May/2026 16:39:04] "GET /api/readings/ HTTP/1.1" 200 279
[22/May/2026 16:39:04] "GET /api/readings/stats/ HTTP/1.1" 200 211
[22/May/2026 16:39:06] "GET /api/readings/ HTTP/1.1" 200 279
[22/May/2026 16:39:06] "GET /api/readings/stats/ HTTP/1.1" 200 211
[22/May/2026 16:39:06] "GET /api/readings/latest/ HTTP/1.1" 200 137
[22/May/2026 16:39:08] "GET /api/readings/ HTTP/1.1" 200 279
[22/May/2026 16:39:08] "GET /api/readings/latest/ HTTP/1.1" 200 137
[22/May/2026 16:39:08] "GET /api/readings/stats/ HTTP/1.1" 200 211
[22/May/2026 16:39:10] "GET /api/readings/latest/ HTTP/1.1" 200 137
[22/May/2026 16:39:10] "GET /api/readings/stats/ HTTP/1.1" 200 211
[22/May/2026 16:39:10] "GET /api/readings/ HTTP/1.1" 200 279
[22/May/2026 16:39:12] "GET /api/readings/ HTTP/1.1" 200 279
[22/May/2026 16:39:12] "GET /api/readings/stats/ HTTP/1.1" 200 211
[22/May/2026 16:39:12] "GET /api/readings/latest/ HTTP/1.1" 200 137
[22/May/2026 16:39:14] "GET /api/readings/ HTTP/1.1" 200 279
[22/May/2026 16:39:14] "GET /api/readings/latest/ HTTP/1.1" 200 137
[22/May/2026 16:39:14] "GET /api/readings/stats/ HTTP/1.1" 200 211
[22/May/2026 16:39:16] "GET /api/readings/latest/ HTTP/1.1" 200 137
[22/May/2026 16:39:16] "GET /api/readings/ HTTP/1.1" 200 279
[22/May/2026 16:39:16] "GET /api/readings/stats/ HTTP/1.1" 200 211
[22/May/2026 16:39:18] "GET /api/readings/ HTTP/1.1" 200 279
[22/May/2026 16:39:18] "GET /api/readings/latest/ HTTP/1.1" 200 137
[22/May/2026 16:39:18] "GET /api/readings/stats/ HTTP/1.1" 200 211
[22/May/2026 16:39:20] "GET /api/readings/ HTTP/1.1" 200 279
[22/May/2026 16:39:20] "GET /api/readings/latest/ HTTP/1.1" 200 137
[22/May/2026 16:39:20] "GET /api/readings/stats/ HTTP/1.1" 200 211
[22/May/2026 16:39:22] "GET /api/readings/ HTTP/1.1" 200 279
[22/May/2026 16:39:22] "GET /api/readings/latest/ HTTP/1.1" 200 137
[22/May/2026 16:39:22] "GET /api/readings/stats/ HTTP/1.1" 200 211
[22/May/2026 16:39:24] "GET /api/readings/ HTTP/1.1" 200 279
[22/May/2026 16:39:24] "GET /api/readings/latest/ HTTP/1.1" 200 137
[22/May/2026 16:39:24] "GET /api/readings/stats/ HTTP/1.1" 200 211
[22/May/2026 16:39:26] "GET /api/readings/ HTTP/1.1" 200 279
[22/May/2026 16:39:26] "GET /api/readings/latest/ HTTP/1.1" 200 137
[22/May/2026 16:39:26] "GET /api/readings/stats/ HTTP/1.1" 200 211
[22/May/2026 16:39:28] "GET /api/readings/ HTTP/1.1" 200 279
[22/May/2026 16:39:28] "GET /api/readings/latest/ HTTP/1.1" 200 137
[22/May/2026 16:39:28] "GET /api/readings/stats/ HTTP/1.1" 200 211
[22/May/2026 16:39:30] "GET /api/readings/ HTTP/1.1" 200 279
[22/May/2026 16:39:30] "GET /api/readings/latest/ HTTP/1.1" 200 137
[22/May/2026 16:39:30] "GET /api/readings/stats/ HTTP/1.1" 200 211
[22/May/2026 16:39:32] "GET /api/readings/latest/ HTTP/1.1" 200 137
[22/May/2026 16:39:32] "GET /api/readings/ HTTP/1.1" 200 279
[22/May/2026 16:39:32] "GET /api/readings/stats/ HTTP/1.1" 200 211
[22/May/2026 16:39:34] "GET /api/readings/ HTTP/1.1" 200 279
[22/May/2026 16:39:34] "GET /api/readings/latest/ HTTP/1.1" 200 137
[22/May/2026 16:39:34] "GET /api/readings/stats/ HTTP/1.1" 200 211
[22/May/2026 16:39:36] "GET /api/readings/ HTTP/1.1" 200 279
[22/May/2026 16:39:36] "GET /api/readings/latest/ HTTP/1.1" 200 137
[22/May/2026 16:39:36] "GET /api/readings/stats/ HTTP/1.1" 200 211
[22/May/2026 16:39:38] "GET /api/readings/ HTTP/1.1" 200 279
[22/May/2026 16:39:38] "GET /api/readings/latest/ HTTP/1.1" 200 137
[22/May/2026 16:39:38] "GET /api/readings/stats/ HTTP/1.1" 200 211
[22/May/2026 16:39:40] "GET /api/readings/latest/ HTTP/1.1" 200 137
[22/May/2026 16:39:40] "GET /api/readings/ HTTP/1.1" 200 279
[22/May/2026 16:39:40] "GET /api/readings/stats/ HTTP/1.1" 200 211
[22/May/2026 16:39:42] "GET /api/readings/ HTTP/1.1" 200 279
[22/May/2026 16:39:42] "GET /api/readings/latest/ HTTP/1.1" 200 137
[22/May/2026 16:39:42] "GET /api/readings/stats/ HTTP/1.1" 200 211
[22/May/2026 16:39:44] "GET /api/readings/latest/ HTTP/1.1" 200 137
[22/May/2026 16:39:44] "GET /api/readings/ HTTP/1.1" 200 279
[22/May/2026 16:39:44] "GET /api/readings/stats/ HTTP/1.1" 200 211
[22/May/2026 16:39:46] "GET /api/readings/ HTTP/1.1" 200 279
[22/May/2026 16:39:46] "GET /api/readings/latest/ HTTP/1.1" 200 137
[22/May/2026 16:39:46] "GET /api/readings/stats/ HTTP/1.1" 200 211
[22/May/2026 16:39:48] "GET /api/readings/latest/ HTTP/1.1" 200 137
[22/May/2026 16:39:48] "GET /api/readings/ HTTP/1.1" 200 279
[22/May/2026 16:39:48] "GET /api/readings/stats/ HTTP/1.1" 200 211
[22/May/2026 16:39:50] "GET /api/readings/latest/ HTTP/1.1" 200 137
[22/May/2026 16:39:50] "GET /api/readings/ HTTP/1.1" 200 279
[22/May/2026 16:39:50] "GET /api/readings/stats/ HTTP/1.1" 200 211
[22/May/2026 16:39:52] "GET /api/readings/latest/ HTTP/1.1" 200 137
[22/May/2026 16:39:52] "GET /api/readings/ HTTP/1.1" 200 279
[22/May/2026 16:39:52] "GET /api/readings/stats/ HTTP/1.1" 200 211
[22/May/2026 16:39:54] "GET /api/readings/ HTTP/1.1" 200 279
[22/May/2026 16:39:54] "GET /api/readings/latest/ HTTP/1.1" 200 137
[22/May/2026 16:39:54] "GET /api/readings/stats/ HTTP/1.1" 200 211
[22/May/2026 16:39:56] "GET /api/readings/ HTTP/1.1" 200 279
[22/May/2026 16:39:56] "GET /api/readings/latest/ HTTP/1.1" 200 137
[22/May/2026 16:39:56] "GET /api/readings/stats/ HTTP/1.1" 200 211
[22/May/2026 16:39:58] "GET /api/readings/ HTTP/1.1" 200 279
[22/May/2026 16:39:58] "GET /api/readings/stats/ HTTP/1.1" 200 211
[22/May/2026 16:39:58] "GET /api/readings/latest/ HTTP/1.1" 200 137
[22/May/2026 16:40:00] "GET /api/readings/latest/ HTTP/1.1" 200 137
[22/May/2026 16:40:00] "GET /api/readings/ HTTP/1.1" 200 279
[22/May/2026 16:40:00] "GET /api/readings/stats/ HTTP/1.1" 200 211
[22/May/2026 16:40:02] "GET /api/readings/latest/ HTTP/1.1" 200 137
[22/May/2026 16:40:02] "GET /api/readings/ HTTP/1.1" 200 279
[22/May/2026 16:40:02] "GET /api/readings/stats/ HTTP/1.1" 200 211
[22/May/2026 16:40:04] "GET /api/readings/ HTTP/1.1" 200 279
[22/May/2026 16:40:04] "GET /api/readings/latest/ HTTP/1.1" 200 137
[22/May/2026 16:40:04] "GET /api/readings/stats/ HTTP/1.1" 200 211
[22/May/2026 16:40:06] "GET /api/readings/ HTTP/1.1" 200 279
[22/May/2026 16:40:06] "GET /api/readings/latest/ HTTP/1.1" 200 137
[22/May/2026 16:40:06] "GET /api/readings/stats/ HTTP/1.1" 200 211
[22/May/2026 16:40:08] "GET /api/readings/ HTTP/1.1" 200 279
[22/May/2026 16:40:08] "GET /api/readings/latest/ HTTP/1.1" 200 137
[22/May/2026 16:40:08] "GET /api/readings/stats/ HTTP/1.1" 200 211
[22/May/2026 16:40:10] "GET /api/readings/ HTTP/1.1" 200 279
[22/May/2026 16:40:10] "GET /api/readings/latest/ HTTP/1.1" 200 137
[22/May/2026 16:40:10] "GET /api/readings/stats/ HTTP/1.1" 200 211
[22/May/2026 16:40:12] "GET /api/readings/ HTTP/1.1" 200 279
[22/May/2026 16:40:12] "GET /api/readings/latest/ HTTP/1.1" 200 137
[22/May/2026 16:40:12] "GET /api/readings/stats/ HTTP/1.1" 200 211
[22/May/2026 16:40:14] "GET /api/readings/ HTTP/1.1" 200 279
[22/May/2026 16:40:14] "GET /api/readings/latest/ HTTP/1.1" 200 137
[22/May/2026 16:40:14] "GET /api/readings/stats/ HTTP/1.1" 200 211
[22/May/2026 16:40:16] "GET /api/readings/ HTTP/1.1" 200 279
[22/May/2026 16:40:16] "GET /api/readings/latest/ HTTP/1.1" 200 137
[22/May/2026 16:40:16] "GET /api/readings/stats/ HTTP/1.1" 200 211
[22/May/2026 16:40:18] "GET /api/readings/ HTTP/1.1" 200 279
[22/May/2026 16:40:18] "GET /api/readings/stats/ HTTP/1.1" 200 211
[22/May/2026 16:40:18] "GET /api/readings/latest/ HTTP/1.1" 200 137
[22/May/2026 16:40:20] "GET /api/readings/latest/ HTTP/1.1" 200 137
[22/May/2026 16:40:20] "GET /api/readings/ HTTP/1.1" 200 279
[22/May/2026 16:40:20] "GET /api/readings/stats/ HTTP/1.1" 200 211
[22/May/2026 16:40:22] "GET /api/readings/ HTTP/1.1" 200 279
[22/May/2026 16:40:22] "GET /api/readings/latest/ HTTP/1.1" 200 137
[22/May/2026 16:40:22] "GET /api/readings/stats/ HTTP/1.1" 200 211
[22/May/2026 16:40:24] "GET /api/readings/latest/ HTTP/1.1" 200 137
[22/May/2026 16:40:24] "GET /api/readings/ HTTP/1.1" 200 279
[22/May/2026 16:40:24] "GET /api/readings/stats/ HTTP/1.1" 200 211
[22/May/2026 16:40:26] "GET /api/readings/latest/ HTTP/1.1" 200 137
[22/May/2026 16:40:26] "GET /api/readings/ HTTP/1.1" 200 279
[22/May/2026 16:40:26] "GET /api/readings/stats/ HTTP/1.1" 200 211
[22/May/2026 16:40:28] "GET /api/readings/latest/ HTTP/1.1" 200 137
[22/May/2026 16:40:28] "GET /api/readings/ HTTP/1.1" 200 279
[22/May/2026 16:40:28] "GET /api/readings/stats/ HTTP/1.1" 200 211
[22/May/2026 16:40:30] "GET /api/readings/latest/ HTTP/1.1" 200 137
[22/May/2026 16:40:30] "GET /api/readings/stats/ HTTP/1.1" 200 211
[22/May/2026 16:40:30] "GET /api/readings/ HTTP/1.1" 200 279
[22/May/2026 16:40:32] "GET /api/readings/ HTTP/1.1" 200 279
[22/May/2026 16:40:32] "GET /api/readings/latest/ HTTP/1.1" 200 137
[22/May/2026 16:40:32] "GET /api/readings/stats/ HTTP/1.1" 200 211
[22/May/2026 16:40:34] "GET /api/readings/latest/ HTTP/1.1" 200 137
[22/May/2026 16:40:34] "GET /api/readings/ HTTP/1.1" 200 279
[22/May/2026 16:40:34] "GET /api/readings/stats/ HTTP/1.1" 200 211
[22/May/2026 16:40:36] "GET /api/readings/ HTTP/1.1" 200 279
[22/May/2026 16:40:36] "GET /api/readings/latest/ HTTP/1.1" 200 137
[22/May/2026 16:40:36] "GET /api/readings/stats/ HTTP/1.1" 200 211
[22/May/2026 16:40:38] "GET /api/readings/latest/ HTTP/1.1" 200 137
[22/May/2026 16:40:38] "GET /api/readings/ HTTP/1.1" 200 279
[22/May/2026 16:40:38] "GET /api/readings/stats/ HTTP/1.1" 200 211
[22/May/2026 16:40:40] "GET /api/readings/latest/ HTTP/1.1" 200 137
[22/May/2026 16:40:40] "GET /api/readings/ HTTP/1.1" 200 279
[22/May/2026 16:40:40] "GET /api/readings/stats/ HTTP/1.1" 200 211
[22/May/2026 16:40:42] "GET /api/readings/ HTTP/1.1" 200 279
[22/May/2026 16:40:42] "GET /api/readings/latest/ HTTP/1.1" 200 137
[22/May/2026 16:40:42] "GET /api/readings/stats/ HTTP/1.1" 200 211
[22/May/2026 16:40:44] "GET /api/readings/latest/ HTTP/1.1" 200 137
[22/May/2026 16:40:44] "GET /api/readings/ HTTP/1.1" 200 279
[22/May/2026 16:40:44] "GET /api/readings/stats/ HTTP/1.1" 200 211
[22/May/2026 16:40:46] "GET /api/readings/latest/ HTTP/1.1" 200 137
[22/May/2026 16:40:46] "GET /api/readings/ HTTP/1.1" 200 279
[22/May/2026 16:40:46] "GET /api/readings/stats/ HTTP/1.1" 200 211
[22/May/2026 16:40:48] "GET /api/readings/latest/ HTTP/1.1" 200 137
[22/May/2026 16:40:48] "GET /api/readings/ HTTP/1.1" 200 279
[22/May/2026 16:40:48] "GET /api/readings/stats/ HTTP/1.1" 200 211
[22/May/2026 16:40:50] "GET /api/readings/ HTTP/1.1" 200 279
[22/May/2026 16:40:50] "GET /api/readings/latest/ HTTP/1.1" 200 137
[22/May/2026 16:40:50] "GET /api/readings/stats/ HTTP/1.1" 200 211
[22/May/2026 16:40:52] "GET /api/readings/latest/ HTTP/1.1" 200 137
[22/May/2026 16:40:52] "GET /api/readings/stats/ HTTP/1.1" 200 211
[22/May/2026 16:40:52] "GET /api/readings/ HTTP/1.1" 200 279
[22/May/2026 16:40:54] "GET /api/readings/ HTTP/1.1" 200 279
[22/May/2026 16:40:54] "GET /api/readings/latest/ HTTP/1.1" 200 137
[22/May/2026 16:40:54] "GET /api/readings/stats/ HTTP/1.1" 200 211
[22/May/2026 16:40:56] "GET /api/readings/ HTTP/1.1" 200 279
[22/May/2026 16:40:56] "GET /api/readings/latest/ HTTP/1.1" 200 137
[22/May/2026 16:40:56] "GET /api/readings/stats/ HTTP/1.1" 200 211
[22/May/2026 16:40:58] "GET /api/readings/latest/ HTTP/1.1" 200 137
[22/May/2026 16:40:58] "GET /api/readings/ HTTP/1.1" 200 279
[22/May/2026 16:40:58] "GET /api/readings/stats/ HTTP/1.1" 200 211
[22/May/2026 16:41:00] "GET /api/readings/ HTTP/1.1" 200 279
[22/May/2026 16:41:00] "GET /api/readings/latest/ HTTP/1.1" 200 137
[22/May/2026 16:41:00] "GET /api/readings/stats/ HTTP/1.1" 200 211
[22/May/2026 16:41:02] "GET /api/readings/latest/ HTTP/1.1" 200 137
[22/May/2026 16:41:02] "GET /api/readings/ HTTP/1.1" 200 279
[22/May/2026 16:41:02] "GET /api/readings/stats/ HTTP/1.1" 200 211
[22/May/2026 16:41:04] "GET /api/readings/latest/ HTTP/1.1" 200 137
[22/May/2026 16:41:04] "GET /api/readings/stats/ HTTP/1.1" 200 211
[22/May/2026 16:41:04] "GET /api/readings/ HTTP/1.1" 200 279
[22/May/2026 16:41:06] "GET /api/readings/latest/ HTTP/1.1" 200 137
[22/May/2026 16:41:06] "GET /api/readings/ HTTP/1.1" 200 279
[22/May/2026 16:41:06] "GET /api/readings/stats/ HTTP/1.1" 200 211
[22/May/2026 16:41:08] "GET /api/readings/latest/ HTTP/1.1" 200 137
[22/May/2026 16:41:08] "GET /api/readings/ HTTP/1.1" 200 279
[22/May/2026 16:41:08] "GET /api/readings/stats/ HTTP/1.1" 200 211
[22/May/2026 16:41:10] "GET /api/readings/latest/ HTTP/1.1" 200 137
[22/May/2026 16:41:10] "GET /api/readings/ HTTP/1.1" 200 279
[22/May/2026 16:41:10] "GET /api/readings/stats/ HTTP/1.1" 200 211
[22/May/2026 16:41:12] "GET /api/readings/latest/ HTTP/1.1" 200 137
[22/May/2026 16:41:12] "GET /api/readings/ HTTP/1.1" 200 279
[22/May/2026 16:41:12] "GET /api/readings/stats/ HTTP/1.1" 200 211
[22/May/2026 16:41:14] "GET /api/readings/latest/ HTTP/1.1" 200 137
[22/May/2026 16:41:14] "GET /api/readings/ HTTP/1.1" 200 279
[22/May/2026 16:41:14] "GET /api/readings/stats/ HTTP/1.1" 200 211
[22/May/2026 16:41:16] "GET /api/readings/ HTTP/1.1" 200 279
[22/May/2026 16:41:16] "GET /api/readings/latest/ HTTP/1.1" 200 137
[22/May/2026 16:41:16] "GET /api/readings/stats/ HTTP/1.1" 200 211
[22/May/2026 16:41:18] "GET /api/readings/ HTTP/1.1" 200 279
[22/May/2026 16:41:18] "GET /api/readings/latest/ HTTP/1.1" 200 137
[22/May/2026 16:41:18] "GET /api/readings/stats/ HTTP/1.1" 200 211
[22/May/2026 16:41:20] "GET /api/readings/latest/ HTTP/1.1" 200 137
[22/May/2026 16:41:20] "GET /api/readings/ HTTP/1.1" 200 279
[22/May/2026 16:41:20] "GET /api/readings/stats/ HTTP/1.1" 200 211
[22/May/2026 16:41:22] "GET /api/readings/latest/ HTTP/1.1" 200 137
[22/May/2026 16:41:22] "GET /api/readings/ HTTP/1.1" 200 279
[22/May/2026 16:41:22] "GET /api/readings/stats/ HTTP/1.1" 200 211
[22/May/2026 16:41:24] "GET /api/readings/ HTTP/1.1" 200 279
[22/May/2026 16:41:24] "GET /api/readings/latest/ HTTP/1.1" 200 137
[22/May/2026 16:41:24] "GET /api/readings/stats/ HTTP/1.1" 200 211
[22/May/2026 16:41:26] "GET /api/readings/ HTTP/1.1" 200 279
[22/May/2026 16:41:26] "GET /api/readings/latest/ HTTP/1.1" 200 137
[22/May/2026 16:41:26] "GET /api/readings/stats/ HTTP/1.1" 200 211
[22/May/2026 16:41:28] "GET /api/readings/latest/ HTTP/1.1" 200 137
[22/May/2026 16:41:28] "GET /api/readings/stats/ HTTP/1.1" 200 211
[22/May/2026 16:41:28] "GET /api/readings/ HTTP/1.1" 200 279
[22/May/2026 16:41:30] "GET /api/readings/ HTTP/1.1" 200 279
[22/May/2026 16:41:30] "GET /api/readings/latest/ HTTP/1.1" 200 137
[22/May/2026 16:41:30] "GET /api/readings/stats/ HTTP/1.1" 200 211
[22/May/2026 16:41:32] "GET /api/readings/ HTTP/1.1" 200 279
[22/May/2026 16:41:32] "GET /api/readings/stats/ HTTP/1.1" 200 211
[22/May/2026 16:41:32] "GET /api/readings/latest/ HTTP/1.1" 200 137
[22/May/2026 16:41:34] "GET /api/readings/ HTTP/1.1" 200 279
[22/May/2026 16:41:34] "GET /api/readings/latest/ HTTP/1.1" 200 137
[22/May/2026 16:41:34] "GET /api/readings/stats/ HTTP/1.1" 200 211
[22/May/2026 16:41:36] "GET /api/readings/ HTTP/1.1" 200 279
[22/May/2026 16:41:36] "GET /api/readings/latest/ HTTP/1.1" 200 137
[22/May/2026 16:41:36] "GET /api/readings/stats/ HTTP/1.1" 200 211
[22/May/2026 16:41:38] "GET /api/readings/latest/ HTTP/1.1" 200 137
[22/May/2026 16:41:38] "GET /api/readings/ HTTP/1.1" 200 279
[22/May/2026 16:41:38] "GET /api/readings/stats/ HTTP/1.1" 200 211
[22/May/2026 16:41:40] "GET /api/readings/ HTTP/1.1" 200 279
[22/May/2026 16:41:40] "GET /api/readings/stats/ HTTP/1.1" 200 211
[22/May/2026 16:41:40] "GET /api/readings/latest/ HTTP/1.1" 200 137
[22/May/2026 16:41:42] "GET /api/readings/latest/ HTTP/1.1" 200 137
[22/May/2026 16:41:42] "GET /api/readings/ HTTP/1.1" 200 279
[22/May/2026 16:41:42] "GET /api/readings/stats/ HTTP/1.1" 200 211
[22/May/2026 16:41:44] "GET /api/readings/ HTTP/1.1" 200 279
[22/May/2026 16:41:44] "GET /api/readings/latest/ HTTP/1.1" 200 137
[22/May/2026 16:41:44] "GET /api/readings/stats/ HTTP/1.1" 200 211
[22/May/2026 16:41:46] "GET /api/readings/ HTTP/1.1" 200 279
[22/May/2026 16:41:46] "GET /api/readings/latest/ HTTP/1.1" 200 137
[22/May/2026 16:41:46] "GET /api/readings/stats/ HTTP/1.1" 200 211
[22/May/2026 16:41:48] "GET /api/readings/ HTTP/1.1" 200 279
[22/May/2026 16:41:48] "GET /api/readings/latest/ HTTP/1.1" 200 137
[22/May/2026 16:41:48] "GET /api/readings/stats/ HTTP/1.1" 200 211
[22/May/2026 16:41:50] "GET /api/readings/ HTTP/1.1" 200 279
[22/May/2026 16:41:50] "GET /api/readings/latest/ HTTP/1.1" 200 137
[22/May/2026 16:41:50] "GET /api/readings/stats/ HTTP/1.1" 200 211
[22/May/2026 16:41:52] "GET /api/readings/latest/ HTTP/1.1" 200 137
[22/May/2026 16:41:52] "GET /api/readings/ HTTP/1.1" 200 279
[22/May/2026 16:41:52] "GET /api/readings/stats/ HTTP/1.1" 200 211
[22/May/2026 16:41:54] "GET /api/readings/ HTTP/1.1" 200 279
[22/May/2026 16:41:54] "GET /api/readings/latest/ HTTP/1.1" 200 137
[22/May/2026 16:41:54] "GET /api/readings/stats/ HTTP/1.1" 200 211
[22/May/2026 16:41:56] "GET /api/readings/latest/ HTTP/1.1" 200 137
[22/May/2026 16:41:56] "GET /api/readings/ HTTP/1.1" 200 279
[22/May/2026 16:41:56] "GET /api/readings/stats/ HTTP/1.1" 200 211
[22/May/2026 16:41:58] "GET /api/readings/latest/ HTTP/1.1" 200 137
[22/May/2026 16:41:58] "GET /api/readings/ HTTP/1.1" 200 279
[22/May/2026 16:41:58] "GET /api/readings/stats/ HTTP/1.1" 200 211
[22/May/2026 16:42:00] "GET /api/readings/ HTTP/1.1" 200 279
[22/May/2026 16:42:00] "GET /api/readings/latest/ HTTP/1.1" 200 137
[22/May/2026 16:42:00] "GET /api/readings/stats/ HTTP/1.1" 200 211
[22/May/2026 16:42:02] "GET /api/readings/ HTTP/1.1" 200 279
[22/May/2026 16:42:02] "GET /api/readings/latest/ HTTP/1.1" 200 137
[22/May/2026 16:42:02] "GET /api/readings/stats/ HTTP/1.1" 200 211
[22/May/2026 16:42:04] "GET /api/readings/latest/ HTTP/1.1" 200 137
[22/May/2026 16:42:04] "GET /api/readings/ HTTP/1.1" 200 279
[22/May/2026 16:42:04] "GET /api/readings/stats/ HTTP/1.1" 200 211
[22/May/2026 16:42:06] "GET /api/readings/ HTTP/1.1" 200 279
[22/May/2026 16:42:06] "GET /api/readings/latest/ HTTP/1.1" 200 137
[22/May/2026 16:42:06] "GET /api/readings/stats/ HTTP/1.1" 200 211
[22/May/2026 16:42:08] "GET /api/readings/latest/ HTTP/1.1" 200 137
[22/May/2026 16:42:08] "GET /api/readings/ HTTP/1.1" 200 279
[22/May/2026 16:42:08] "GET /api/readings/stats/ HTTP/1.1" 200 211
[22/May/2026 16:42:10] "GET /api/readings/latest/ HTTP/1.1" 200 137
[22/May/2026 16:42:10] "GET /api/readings/ HTTP/1.1" 200 279
[22/May/2026 16:42:10] "GET /api/readings/stats/ HTTP/1.1" 200 211
[22/May/2026 16:42:12] "GET /api/readings/latest/ HTTP/1.1" 200 137
[22/May/2026 16:42:12] "GET /api/readings/ HTTP/1.1" 200 279
[22/May/2026 16:42:12] "GET /api/readings/stats/ HTTP/1.1" 200 211
[22/May/2026 16:42:14] "GET /api/readings/latest/ HTTP/1.1" 200 137
[22/May/2026 16:42:14] "GET /api/readings/ HTTP/1.1" 200 279
[22/May/2026 16:42:14] "GET /api/readings/stats/ HTTP/1.1" 200 211
[22/May/2026 16:42:16] "GET /api/readings/latest/ HTTP/1.1" 200 137
[22/May/2026 16:42:16] "GET /api/readings/ HTTP/1.1" 200 279
[22/May/2026 16:42:16] "GET /api/readings/stats/ HTTP/1.1" 200 211
[22/May/2026 16:42:18] "GET /api/readings/latest/ HTTP/1.1" 200 137
[22/May/2026 16:42:18] "GET /api/readings/ HTTP/1.1" 200 279
[22/May/2026 16:42:18] "GET /api/readings/stats/ HTTP/1.1" 200 211
[22/May/2026 16:42:20] "GET /api/readings/ HTTP/1.1" 200 279
[22/May/2026 16:42:20] "GET /api/readings/latest/ HTTP/1.1" 200 137
[22/May/2026 16:42:20] "GET /api/readings/stats/ HTTP/1.1" 200 211
[22/May/2026 16:42:22] "GET /api/readings/ HTTP/1.1" 200 279
[22/May/2026 16:42:22] "GET /api/readings/latest/ HTTP/1.1" 200 137
[22/May/2026 16:42:22] "GET /api/readings/stats/ HTTP/1.1" 200 211
[22/May/2026 16:42:24] "GET /api/readings/latest/ HTTP/1.1" 200 137
[22/May/2026 16:42:24] "GET /api/readings/ HTTP/1.1" 200 279
[22/May/2026 16:42:24] "GET /api/readings/stats/ HTTP/1.1" 200 211
[22/May/2026 16:42:26] "GET /api/readings/ HTTP/1.1" 200 279
[22/May/2026 16:42:26] "GET /api/readings/latest/ HTTP/1.1" 200 137
[22/May/2026 16:42:26] "GET /api/readings/stats/ HTTP/1.1" 200 211
[22/May/2026 16:42:28] "GET /api/readings/latest/ HTTP/1.1" 200 137
[22/May/2026 16:42:28] "GET /api/readings/ HTTP/1.1" 200 279
[22/May/2026 16:42:28] "GET /api/readings/stats/ HTTP/1.1" 200 211
[22/May/2026 16:42:30] "GET /api/readings/latest/ HTTP/1.1" 200 137
[22/May/2026 16:42:30] "GET /api/readings/ HTTP/1.1" 200 279
[22/May/2026 16:42:30] "GET /api/readings/stats/ HTTP/1.1" 200 211
[22/May/2026 16:42:32] "GET /api/readings/ HTTP/1.1" 200 279
[22/May/2026 16:42:32] "GET /api/readings/latest/ HTTP/1.1" 200 137
[22/May/2026 16:42:32] "GET /api/readings/stats/ HTTP/1.1" 200 211
[22/May/2026 16:42:34] "GET /api/readings/latest/ HTTP/1.1" 200 137
[22/May/2026 16:42:34] "GET /api/readings/ HTTP/1.1" 200 279
[22/May/2026 16:42:34] "GET /api/readings/stats/ HTTP/1.1" 200 211
[22/May/2026 16:42:36] "GET /api/readings/latest/ HTTP/1.1" 200 137
[22/May/2026 16:42:36] "GET /api/readings/ HTTP/1.1" 200 279
[22/May/2026 16:42:36] "GET /api/readings/stats/ HTTP/1.1" 200 211
[22/May/2026 16:42:38] "GET /api/readings/latest/ HTTP/1.1" 200 137
[22/May/2026 16:42:38] "GET /api/readings/ HTTP/1.1" 200 279
[22/May/2026 16:42:38] "GET /api/readings/stats/ HTTP/1.1" 200 211
[22/May/2026 16:42:40] "GET /api/readings/ HTTP/1.1" 200 279
[22/May/2026 16:42:40] "GET /api/readings/latest/ HTTP/1.1" 200 137
[22/May/2026 16:42:40] "GET /api/readings/stats/ HTTP/1.1" 200 211
[22/May/2026 16:42:42] "GET /api/readings/latest/ HTTP/1.1" 200 137
[22/May/2026 16:42:42] "GET /api/readings/ HTTP/1.1" 200 279
[22/May/2026 16:42:42] "GET /api/readings/stats/ HTTP/1.1" 200 211
[22/May/2026 16:42:44] "GET /api/readings/latest/ HTTP/1.1" 200 137
[22/May/2026 16:42:44] "GET /api/readings/ HTTP/1.1" 200 279
[22/May/2026 16:42:44] "GET /api/readings/stats/ HTTP/1.1" 200 211
[22/May/2026 16:42:46] "GET /api/readings/latest/ HTTP/1.1" 200 137
[22/May/2026 16:42:46] "GET /api/readings/ HTTP/1.1" 200 279
[22/May/2026 16:42:46] "GET /api/readings/stats/ HTTP/1.1" 200 211
[22/May/2026 16:42:48] "GET /api/readings/ HTTP/1.1" 200 279
[22/May/2026 16:42:48] "GET /api/readings/latest/ HTTP/1.1" 200 137
[22/May/2026 16:42:48] "GET /api/readings/stats/ HTTP/1.1" 200 211
[22/May/2026 16:42:50] "GET /api/readings/ HTTP/1.1" 200 279
[22/May/2026 16:42:50] "GET /api/readings/latest/ HTTP/1.1" 200 137
[22/May/2026 16:42:50] "GET /api/readings/stats/ HTTP/1.1" 200 211
[22/May/2026 16:42:52] "GET /api/readings/latest/ HTTP/1.1" 200 137
[22/May/2026 16:42:52] "GET /api/readings/ HTTP/1.1" 200 279
[22/May/2026 16:42:52] "GET /api/readings/stats/ HTTP/1.1" 200 211
[22/May/2026 16:42:54] "GET /api/readings/latest/ HTTP/1.1" 200 137
[22/May/2026 16:42:54] "GET /api/readings/ HTTP/1.1" 200 279
[22/May/2026 16:42:54] "GET /api/readings/stats/ HTTP/1.1" 200 211
[22/May/2026 16:42:56] "GET /api/readings/latest/ HTTP/1.1" 200 137
[22/May/2026 16:42:56] "GET /api/readings/ HTTP/1.1" 200 279
[22/May/2026 16:42:56] "GET /api/readings/stats/ HTTP/1.1" 200 211
[22/May/2026 16:42:58] "GET /api/readings/ HTTP/1.1" 200 279
[22/May/2026 16:42:58] "GET /api/readings/latest/ HTTP/1.1" 200 137
[22/May/2026 16:42:58] "GET /api/readings/stats/ HTTP/1.1" 200 211
[22/May/2026 16:43:00] "GET /api/readings/latest/ HTTP/1.1" 200 137
[22/May/2026 16:43:00] "GET /api/readings/ HTTP/1.1" 200 279
[22/May/2026 16:43:00] "GET /api/readings/stats/ HTTP/1.1" 200 211
[22/May/2026 16:43:02] "GET /api/readings/latest/ HTTP/1.1" 200 137
[22/May/2026 16:43:02] "GET /api/readings/ HTTP/1.1" 200 279
[22/May/2026 16:43:02] "GET /api/readings/stats/ HTTP/1.1" 200 211
[22/May/2026 16:43:04] "GET /api/readings/latest/ HTTP/1.1" 200 137
[22/May/2026 16:43:04] "GET /api/readings/ HTTP/1.1" 200 279
[22/May/2026 16:43:04] "GET /api/readings/stats/ HTTP/1.1" 200 211
[22/May/2026 16:43:06] "GET /api/readings/ HTTP/1.1" 200 279
[22/May/2026 16:43:06] "GET /api/readings/latest/ HTTP/1.1" 200 137
[22/May/2026 16:43:06] "GET /api/readings/stats/ HTTP/1.1" 200 211
[22/May/2026 16:43:08] "GET /api/readings/latest/ HTTP/1.1" 200 137
[22/May/2026 16:43:08] "GET /api/readings/ HTTP/1.1" 200 279
[22/May/2026 16:43:08] "GET /api/readings/stats/ HTTP/1.1" 200 211
[22/May/2026 16:43:10] "GET /api/readings/ HTTP/1.1" 200 279
[22/May/2026 16:43:10] "GET /api/readings/latest/ HTTP/1.1" 200 137
[22/May/2026 16:43:10] "GET /api/readings/stats/ HTTP/1.1" 200 211
[22/May/2026 16:43:12] "GET /api/readings/ HTTP/1.1" 200 279
[22/May/2026 16:43:12] "GET /api/readings/latest/ HTTP/1.1" 200 137
[22/May/2026 16:43:12] "GET /api/readings/stats/ HTTP/1.1" 200 211
[22/May/2026 16:43:14] "GET /api/readings/ HTTP/1.1" 200 279
[22/May/2026 16:43:14] "GET /api/readings/latest/ HTTP/1.1" 200 137
[22/May/2026 16:43:14] "GET /api/readings/stats/ HTTP/1.1" 200 211
[22/May/2026 16:43:16] "GET /api/readings/latest/ HTTP/1.1" 200 137
[22/May/2026 16:43:16] "GET /api/readings/ HTTP/1.1" 200 279
[22/May/2026 16:43:16] "GET /api/readings/stats/ HTTP/1.1" 200 211
[22/May/2026 16:43:18] "GET /api/readings/latest/ HTTP/1.1" 200 137
[22/May/2026 16:43:18] "GET /api/readings/ HTTP/1.1" 200 279
[22/May/2026 16:43:18] "GET /api/readings/stats/ HTTP/1.1" 200 211
[22/May/2026 16:43:20] "GET /api/readings/latest/ HTTP/1.1" 200 137
[22/May/2026 16:43:20] "GET /api/readings/ HTTP/1.1" 200 279
[22/May/2026 16:43:20] "GET /api/readings/stats/ HTTP/1.1" 200 211
[22/May/2026 16:43:22] "GET /api/readings/latest/ HTTP/1.1" 200 137
[22/May/2026 16:43:22] "GET /api/readings/ HTTP/1.1" 200 279
[22/May/2026 16:43:22] "GET /api/readings/stats/ HTTP/1.1" 200 211
[22/May/2026 16:43:24] "GET /api/readings/latest/ HTTP/1.1" 200 137
[22/May/2026 16:43:24] "GET /api/readings/ HTTP/1.1" 200 279
[22/May/2026 16:43:24] "GET /api/readings/stats/ HTTP/1.1" 200 211
[22/May/2026 16:43:26] "GET /api/readings/ HTTP/1.1" 200 279
[22/May/2026 16:43:26] "GET /api/readings/latest/ HTTP/1.1" 200 137
[22/May/2026 16:43:26] "GET /api/readings/stats/ HTTP/1.1" 200 211
[22/May/2026 16:43:28] "GET /api/readings/latest/ HTTP/1.1" 200 137
[22/May/2026 16:43:28] "GET /api/readings/ HTTP/1.1" 200 279
[22/May/2026 16:43:28] "GET /api/readings/stats/ HTTP/1.1" 200 211
[22/May/2026 16:43:30] "GET /api/readings/latest/ HTTP/1.1" 200 137
[22/May/2026 16:43:30] "GET /api/readings/ HTTP/1.1" 200 279
[22/May/2026 16:43:30] "GET /api/readings/stats/ HTTP/1.1" 200 211
[22/May/2026 16:43:32] "GET /api/readings/latest/ HTTP/1.1" 200 137
[22/May/2026 16:43:32] "GET /api/readings/ HTTP/1.1" 200 279
[22/May/2026 16:43:32] "GET /api/readings/stats/ HTTP/1.1" 200 211
[22/May/2026 16:43:34] "GET /api/readings/latest/ HTTP/1.1" 200 137
[22/May/2026 16:43:34] "GET /api/readings/ HTTP/1.1" 200 279
[22/May/2026 16:43:34] "GET /api/readings/stats/ HTTP/1.1" 200 211
[22/May/2026 16:43:36] "GET /api/readings/latest/ HTTP/1.1" 200 137
[22/May/2026 16:43:36] "GET /api/readings/ HTTP/1.1" 200 279
[22/May/2026 16:43:36] "GET /api/readings/stats/ HTTP/1.1" 200 211
[22/May/2026 16:43:38] "GET /api/readings/latest/ HTTP/1.1" 200 137
[22/May/2026 16:43:38] "GET /api/readings/ HTTP/1.1" 200 279
[22/May/2026 16:43:38] "GET /api/readings/stats/ HTTP/1.1" 200 211
[22/May/2026 16:43:40] "GET /api/readings/latest/ HTTP/1.1" 200 137
[22/May/2026 16:43:40] "GET /api/readings/ HTTP/1.1" 200 279
[22/May/2026 16:43:40] "GET /api/readings/stats/ HTTP/1.1" 200 211
[22/May/2026 16:43:42] "GET /api/readings/latest/ HTTP/1.1" 200 137
[22/May/2026 16:43:42] "GET /api/readings/ HTTP/1.1" 200 279
[22/May/2026 16:43:42] "GET /api/readings/stats/ HTTP/1.1" 200 211
[22/May/2026 16:43:44] "GET /api/readings/latest/ HTTP/1.1" 200 137
[22/May/2026 16:43:44] "GET /api/readings/ HTTP/1.1" 200 279
[22/May/2026 16:43:44] "GET /api/readings/stats/ HTTP/1.1" 200 211
[22/May/2026 16:43:46] "GET /api/readings/latest/ HTTP/1.1" 200 137
[22/May/2026 16:43:46] "GET /api/readings/ HTTP/1.1" 200 279
[22/May/2026 16:43:46] "GET /api/readings/stats/ HTTP/1.1" 200 211
[22/May/2026 16:43:48] "GET /api/readings/latest/ HTTP/1.1" 200 137
[22/May/2026 16:43:48] "GET /api/readings/ HTTP/1.1" 200 279
[22/May/2026 16:43:48] "GET /api/readings/stats/ HTTP/1.1" 200 211
[22/May/2026 16:44:28] "GET /api/readings/latest/ HTTP/1.1" 200 137
[22/May/2026 16:44:28] "GET /api/readings/ HTTP/1.1" 200 279
[22/May/2026 16:44:28] "GET /api/readings/stats/ HTTP/1.1" 200 211
[22/May/2026 16:45:28] "GET /api/readings/latest/ HTTP/1.1" 200 137
[22/May/2026 16:45:28] "GET /api/readings/ HTTP/1.1" 200 279
[22/May/2026 16:45:28] "GET /api/readings/stats/ HTTP/1.1" 200 211
[22/May/2026 16:46:28] "GET /api/readings/latest/ HTTP/1.1" 200 137
[22/May/2026 16:46:28] "GET /api/readings/ HTTP/1.1" 200 279
[22/May/2026 16:46:28] "GET /api/readings/stats/ HTTP/1.1" 200 211
[22/May/2026 16:47:28] "GET /api/readings/latest/ HTTP/1.1" 200 137
[22/May/2026 16:47:28] "GET /api/readings/stats/ HTTP/1.1" 200 211
[22/May/2026 16:47:28] "GET /api/readings/ HTTP/1.1" 200 279
[22/May/2026 16:48:28] "GET /api/readings/ HTTP/1.1" 200 279
[22/May/2026 16:48:28] "GET /api/readings/latest/ HTTP/1.1" 200 137
[22/May/2026 16:48:28] "GET /api/readings/stats/ HTTP/1.1" 200 211
[22/May/2026 16:49:28] "GET /api/readings/latest/ HTTP/1.1" 200 137
[22/May/2026 16:49:28] "GET /api/readings/ HTTP/1.1" 200 279
[22/May/2026 16:49:28] "GET /api/readings/stats/ HTTP/1.1" 200 211
[22/May/2026 16:50:28] "GET /api/readings/ HTTP/1.1" 200 279
[22/May/2026 16:50:28] "GET /api/readings/latest/ HTTP/1.1" 200 137
[22/May/2026 16:50:28] "GET /api/readings/stats/ HTTP/1.1" 200 211
[22/May/2026 16:50:35] "GET /api/readings/ HTTP/1.1" 200 279
[22/May/2026 16:50:35] "GET /api/readings/latest/ HTTP/1.1" 200 137
[22/May/2026 16:50:35] "GET /api/readings/stats/ HTTP/1.1" 200 211
[22/May/2026 16:50:35] "GET /api/readings/latest/ HTTP/1.1" 200 137
[22/May/2026 16:50:35] "GET /api/readings/ HTTP/1.1" 200 279
[22/May/2026 16:50:35] "GET /api/readings/stats/ HTTP/1.1" 200 211
[22/May/2026 16:50:37] "GET /api/readings/latest/ HTTP/1.1" 200 137
[22/May/2026 16:50:37] "GET /api/readings/ HTTP/1.1" 200 279
[22/May/2026 16:50:37] "GET /api/readings/stats/ HTTP/1.1" 200 211
[22/May/2026 16:50:40] "GET /api/readings/latest/ HTTP/1.1" 200 137
[22/May/2026 16:50:40] "GET /api/readings/ HTTP/1.1" 200 279
[22/May/2026 16:50:40] "GET /api/readings/stats/ HTTP/1.1" 200 211
[22/May/2026 16:50:42] "GET /api/readings/latest/ HTTP/1.1" 200 137
[22/May/2026 16:50:42] "GET /api/readings/stats/ HTTP/1.1" 200 211
[22/May/2026 16:50:42] "GET /api/readings/ HTTP/1.1" 200 279
[22/May/2026 16:50:44] "GET /api/readings/ HTTP/1.1" 200 279
[22/May/2026 16:50:44] "GET /api/readings/latest/ HTTP/1.1" 200 137
[22/May/2026 16:50:44] "GET /api/readings/stats/ HTTP/1.1" 200 211
[22/May/2026 16:50:46] "GET /api/readings/ HTTP/1.1" 200 279
[22/May/2026 16:50:46] "GET /api/readings/latest/ HTTP/1.1" 200 137
[22/May/2026 16:50:46] "GET /api/readings/stats/ HTTP/1.1" 200 211
[22/May/2026 16:50:48] "GET /api/readings/ HTTP/1.1" 200 279
[22/May/2026 16:50:48] "GET /api/readings/latest/ HTTP/1.1" 200 137
[22/May/2026 16:50:48] "GET /api/readings/stats/ HTTP/1.1" 200 211
[22/May/2026 16:50:50] "GET /api/readings/latest/ HTTP/1.1" 200 137
[22/May/2026 16:50:50] "GET /api/readings/ HTTP/1.1" 200 279
[22/May/2026 16:50:50] "GET /api/readings/stats/ HTTP/1.1" 200 211
[22/May/2026 16:50:52] "GET /api/readings/ HTTP/1.1" 200 279
[22/May/2026 16:50:52] "GET /api/readings/latest/ HTTP/1.1" 200 137
[22/May/2026 16:50:52] "GET /api/readings/stats/ HTTP/1.1" 200 211
[22/May/2026 16:50:54] "GET /api/readings/ HTTP/1.1" 200 279
[22/May/2026 16:50:54] "GET /api/readings/latest/ HTTP/1.1" 200 137
[22/May/2026 16:50:54] "GET /api/readings/stats/ HTTP/1.1" 200 211
[22/May/2026 16:50:56] "GET /api/readings/latest/ HTTP/1.1" 200 137
[22/May/2026 16:50:56] "GET /api/readings/ HTTP/1.1" 200 279
[22/May/2026 16:50:56] "GET /api/readings/stats/ HTTP/1.1" 200 211
[22/May/2026 16:50:58] "GET /api/readings/latest/ HTTP/1.1" 200 137
[22/May/2026 16:50:58] "GET /api/readings/ HTTP/1.1" 200 279
[22/May/2026 16:50:58] "GET /api/readings/stats/ HTTP/1.1" 200 211
[22/May/2026 16:51:00] "GET /api/readings/ HTTP/1.1" 200 279
[22/May/2026 16:51:00] "GET /api/readings/latest/ HTTP/1.1" 200 137
[22/May/2026 16:51:00] "GET /api/readings/stats/ HTTP/1.1" 200 211
[22/May/2026 16:51:01] "GET /api/readings/ HTTP/1.1" 200 279
[22/May/2026 16:51:01] "GET /api/readings/latest/ HTTP/1.1" 200 137
[22/May/2026 16:51:01] "GET /api/readings/stats/ HTTP/1.1" 200 211
[22/May/2026 16:51:03] "GET /api/readings/latest/ HTTP/1.1" 200 137
[22/May/2026 16:51:03] "GET /api/readings/ HTTP/1.1" 200 279
[22/May/2026 16:51:03] "GET /api/readings/stats/ HTTP/1.1" 200 211
[22/May/2026 16:51:05] "GET /api/readings/latest/ HTTP/1.1" 200 137
[22/May/2026 16:51:05] "GET /api/readings/ HTTP/1.1" 200 279
[22/May/2026 16:51:05] "GET /api/readings/stats/ HTTP/1.1" 200 211
[22/May/2026 16:51:07] "GET /api/readings/ HTTP/1.1" 200 279
[22/May/2026 16:51:07] "GET /api/readings/stats/ HTTP/1.1" 200 211
[22/May/2026 16:51:07] "GET /api/readings/latest/ HTTP/1.1" 200 137
[22/May/2026 16:51:09] "GET /api/readings/ HTTP/1.1" 200 279
[22/May/2026 16:51:09] "GET /api/readings/latest/ HTTP/1.1" 200 137
[22/May/2026 16:51:09] "GET /api/readings/stats/ HTTP/1.1" 200 211
[22/May/2026 16:51:09] "GET /api/readings/ HTTP/1.1" 200 279
[22/May/2026 16:51:09] "GET /api/readings/latest/ HTTP/1.1" 200 137
[22/May/2026 16:51:09] "GET /api/readings/stats/ HTTP/1.1" 200 211
[22/May/2026 16:51:11] "GET /api/readings/ HTTP/1.1" 200 279
[22/May/2026 16:51:11] "GET /api/readings/latest/ HTTP/1.1" 200 137
[22/May/2026 16:51:11] "GET /api/readings/stats/ HTTP/1.1" 200 211
[22/May/2026 16:51:13] "POST /api/readings/ HTTP/1.1" 201 139
[22/May/2026 16:51:13] "GET /api/readings/ HTTP/1.1" 200 419
[22/May/2026 16:51:13] "GET /api/readings/latest/ HTTP/1.1" 200 139
[22/May/2026 16:51:13] "GET /api/readings/stats/ HTTP/1.1" 200 213
[22/May/2026 16:51:13] "GET /api/readings/ HTTP/1.1" 200 419
[22/May/2026 16:51:13] "GET /api/readings/latest/ HTTP/1.1" 200 139
[22/May/2026 16:51:13] "GET /api/readings/stats/ HTTP/1.1" 200 213
[22/May/2026 16:51:14] "POST /api/readings/ HTTP/1.1" 201 137
[22/May/2026 16:51:14] "GET /api/readings/latest/ HTTP/1.1" 200 137
[22/May/2026 16:51:14] "GET /api/readings/ HTTP/1.1" 200 557
[22/May/2026 16:51:14] "GET /api/readings/stats/ HTTP/1.1" 200 211
[22/May/2026 16:51:14] "POST /api/readings/ HTTP/1.1" 201 137
[22/May/2026 16:51:14] "GET /api/readings/latest/ HTTP/1.1" 200 137
[22/May/2026 16:51:14] "GET /api/readings/ HTTP/1.1" 200 695
[22/May/2026 16:51:14] "GET /api/readings/stats/ HTTP/1.1" 200 211
[22/May/2026 16:51:15] "GET /api/readings/ HTTP/1.1" 200 695
[22/May/2026 16:51:15] "GET /api/readings/latest/ HTTP/1.1" 200 137
[22/May/2026 16:51:15] "GET /api/readings/stats/ HTTP/1.1" 200 211
[22/May/2026 16:51:15] "GET /api/readings/latest/ HTTP/1.1" 200 137
[22/May/2026 16:51:15] "GET /api/readings/ HTTP/1.1" 200 695
[22/May/2026 16:51:15] "GET /api/readings/stats/ HTTP/1.1" 200 211
[22/May/2026 16:51:15] "POST /api/readings/ HTTP/1.1" 201 139
[22/May/2026 16:51:15] "GET /api/readings/latest/ HTTP/1.1" 200 139
[22/May/2026 16:51:15] "GET /api/readings/ HTTP/1.1" 200 835
[22/May/2026 16:51:15] "GET /api/readings/stats/ HTTP/1.1" 200 213
[22/May/2026 16:51:17] "GET /api/readings/ HTTP/1.1" 200 835
[22/May/2026 16:51:17] "GET /api/readings/latest/ HTTP/1.1" 200 139
[22/May/2026 16:51:17] "GET /api/readings/stats/ HTTP/1.1" 200 213
[22/May/2026 16:51:19] "GET /api/readings/latest/ HTTP/1.1" 200 139
[22/May/2026 16:51:19] "GET /api/readings/ HTTP/1.1" 200 835
[22/May/2026 16:51:19] "GET /api/readings/stats/ HTTP/1.1" 200 213
[22/May/2026 16:51:21] "GET /api/readings/latest/ HTTP/1.1" 200 139
[22/May/2026 16:51:21] "GET /api/readings/ HTTP/1.1" 200 835
[22/May/2026 16:51:21] "GET /api/readings/stats/ HTTP/1.1" 200 213
[22/May/2026 16:51:23] "GET /api/readings/latest/ HTTP/1.1" 200 139
[22/May/2026 16:51:23] "GET /api/readings/ HTTP/1.1" 200 835
[22/May/2026 16:51:23] "GET /api/readings/stats/ HTTP/1.1" 200 213
[22/May/2026 16:51:25] "GET /api/readings/latest/ HTTP/1.1" 200 139
[22/May/2026 16:51:25] "GET /api/readings/ HTTP/1.1" 200 835
[22/May/2026 16:51:25] "GET /api/readings/stats/ HTTP/1.1" 200 213
[22/May/2026 16:51:27] "GET /api/readings/latest/ HTTP/1.1" 200 139
[22/May/2026 16:51:27] "GET /api/readings/ HTTP/1.1" 200 835
[22/May/2026 16:51:27] "GET /api/readings/stats/ HTTP/1.1" 200 213
[22/May/2026 16:51:29] "GET /api/readings/latest/ HTTP/1.1" 200 139
[22/May/2026 16:51:29] "GET /api/readings/ HTTP/1.1" 200 835
[22/May/2026 16:51:29] "GET /api/readings/stats/ HTTP/1.1" 200 213
[22/May/2026 16:51:31] "GET /api/readings/latest/ HTTP/1.1" 200 139
[22/May/2026 16:51:31] "GET /api/readings/ HTTP/1.1" 200 835
[22/May/2026 16:51:31] "GET /api/readings/stats/ HTTP/1.1" 200 213
[22/May/2026 16:51:34] "GET /api/readings/ HTTP/1.1" 200 835
[22/May/2026 16:51:34] "GET /api/readings/latest/ HTTP/1.1" 200 139
[22/May/2026 16:51:34] "GET /api/readings/stats/ HTTP/1.1" 200 213
[22/May/2026 16:51:36] "GET /api/readings/ HTTP/1.1" 200 835
[22/May/2026 16:51:36] "GET /api/readings/latest/ HTTP/1.1" 200 139
[22/May/2026 16:51:36] "GET /api/readings/stats/ HTTP/1.1" 200 213
[22/May/2026 16:51:38] "GET /api/readings/ HTTP/1.1" 200 835
[22/May/2026 16:51:38] "GET /api/readings/latest/ HTTP/1.1" 200 139
[22/May/2026 16:51:38] "GET /api/readings/stats/ HTTP/1.1" 200 213
[22/May/2026 16:51:40] "GET /api/readings/ HTTP/1.1" 200 835
[22/May/2026 16:51:40] "GET /api/readings/latest/ HTTP/1.1" 200 139
[22/May/2026 16:51:40] "GET /api/readings/stats/ HTTP/1.1" 200 213
[22/May/2026 16:51:42] "GET /api/readings/ HTTP/1.1" 200 835
[22/May/2026 16:51:42] "GET /api/readings/stats/ HTTP/1.1" 200 213
[22/May/2026 16:51:42] "GET /api/readings/latest/ HTTP/1.1" 200 139
[22/May/2026 16:51:44] "GET /api/readings/ HTTP/1.1" 200 835
[22/May/2026 16:51:44] "GET /api/readings/latest/ HTTP/1.1" 200 139
[22/May/2026 16:51:44] "GET /api/readings/stats/ HTTP/1.1" 200 213
[22/May/2026 16:51:46] "GET /api/readings/latest/ HTTP/1.1" 200 139
[22/May/2026 16:51:46] "GET /api/readings/ HTTP/1.1" 200 835
[22/May/2026 16:51:46] "GET /api/readings/stats/ HTTP/1.1" 200 213
[22/May/2026 16:51:48] "GET /api/readings/ HTTP/1.1" 200 835
[22/May/2026 16:51:48] "GET /api/readings/latest/ HTTP/1.1" 200 139
[22/May/2026 16:51:48] "GET /api/readings/stats/ HTTP/1.1" 200 213
[22/May/2026 16:51:50] "GET /api/readings/latest/ HTTP/1.1" 200 139
[22/May/2026 16:51:50] "GET /api/readings/ HTTP/1.1" 200 835
[22/May/2026 16:51:50] "GET /api/readings/stats/ HTTP/1.1" 200 213
[22/May/2026 16:51:52] "GET /api/readings/ HTTP/1.1" 200 835
[22/May/2026 16:51:52] "GET /api/readings/stats/ HTTP/1.1" 200 213
[22/May/2026 16:51:52] "GET /api/readings/latest/ HTTP/1.1" 200 139
[22/May/2026 16:51:54] "GET /api/readings/latest/ HTTP/1.1" 200 139
[22/May/2026 16:51:54] "GET /api/readings/ HTTP/1.1" 200 835
[22/May/2026 16:51:54] "GET /api/readings/stats/ HTTP/1.1" 200 213
[22/May/2026 16:51:56] "GET /api/readings/ HTTP/1.1" 200 835
[22/May/2026 16:51:56] "GET /api/readings/latest/ HTTP/1.1" 200 139
[22/May/2026 16:51:56] "GET /api/readings/stats/ HTTP/1.1" 200 213
[22/May/2026 16:51:58] "GET /api/readings/ HTTP/1.1" 200 835
[22/May/2026 16:51:58] "GET /api/readings/latest/ HTTP/1.1" 200 139
[22/May/2026 16:51:58] "GET /api/readings/stats/ HTTP/1.1" 200 213
[22/May/2026 16:52:00] "GET /api/readings/latest/ HTTP/1.1" 200 139
[22/May/2026 16:52:00] "GET /api/readings/ HTTP/1.1" 200 835
[22/May/2026 16:52:00] "GET /api/readings/stats/ HTTP/1.1" 200 213
[22/May/2026 16:52:02] "GET /api/readings/latest/ HTTP/1.1" 200 139
[22/May/2026 16:52:02] "GET /api/readings/ HTTP/1.1" 200 835
[22/May/2026 16:52:02] "GET /api/readings/stats/ HTTP/1.1" 200 213
[22/May/2026 16:52:04] "GET /api/readings/ HTTP/1.1" 200 835
[22/May/2026 16:52:04] "GET /api/readings/latest/ HTTP/1.1" 200 139
[22/May/2026 16:52:04] "GET /api/readings/stats/ HTTP/1.1" 200 213
[22/May/2026 16:52:06] "GET /api/readings/ HTTP/1.1" 200 835
[22/May/2026 16:52:06] "GET /api/readings/latest/ HTTP/1.1" 200 139
[22/May/2026 16:52:06] "GET /api/readings/stats/ HTTP/1.1" 200 213
[22/May/2026 16:52:08] "GET /api/readings/latest/ HTTP/1.1" 200 139
[22/May/2026 16:52:08] "GET /api/readings/ HTTP/1.1" 200 835
[22/May/2026 16:52:08] "GET /api/readings/stats/ HTTP/1.1" 200 213
[22/May/2026 16:52:10] "GET /api/readings/ HTTP/1.1" 200 835
[22/May/2026 16:52:10] "GET /api/readings/latest/ HTTP/1.1" 200 139
[22/May/2026 16:52:10] "GET /api/readings/stats/ HTTP/1.1" 200 213
[22/May/2026 16:52:12] "GET /api/readings/stats/ HTTP/1.1" 200 213
[22/May/2026 16:52:12] "GET /api/readings/latest/ HTTP/1.1" 200 139
[22/May/2026 16:52:12] "GET /api/readings/ HTTP/1.1" 200 835
[22/May/2026 16:52:14] "GET /api/readings/latest/ HTTP/1.1" 200 139
[22/May/2026 16:52:14] "GET /api/readings/ HTTP/1.1" 200 835
[22/May/2026 16:52:14] "GET /api/readings/stats/ HTTP/1.1" 200 213
[22/May/2026 16:52:16] "GET /api/readings/latest/ HTTP/1.1" 200 139
[22/May/2026 16:52:16] "GET /api/readings/ HTTP/1.1" 200 835
[22/May/2026 16:52:16] "GET /api/readings/stats/ HTTP/1.1" 200 213
[22/May/2026 16:52:18] "GET /api/readings/ HTTP/1.1" 200 835
[22/May/2026 16:52:18] "GET /api/readings/latest/ HTTP/1.1" 200 139
[22/May/2026 16:52:18] "GET /api/readings/stats/ HTTP/1.1" 200 213
[22/May/2026 16:52:20] "GET /api/readings/latest/ HTTP/1.1" 200 139
[22/May/2026 16:52:20] "GET /api/readings/ HTTP/1.1" 200 835
[22/May/2026 16:52:20] "GET /api/readings/stats/ HTTP/1.1" 200 213
[22/May/2026 16:52:22] "GET /api/readings/ HTTP/1.1" 200 835
[22/May/2026 16:52:22] "GET /api/readings/latest/ HTTP/1.1" 200 139
[22/May/2026 16:52:22] "GET /api/readings/stats/ HTTP/1.1" 200 213
[22/May/2026 16:52:23] "GET /api/readings/latest/ HTTP/1.1" 200 139
[22/May/2026 16:52:23] "GET /api/readings/ HTTP/1.1" 200 835
[22/May/2026 16:52:23] "GET /api/readings/stats/ HTTP/1.1" 200 213
[22/May/2026 16:52:25] "GET /api/readings/latest/ HTTP/1.1" 200 139
[22/May/2026 16:52:25] "GET /api/readings/ HTTP/1.1" 200 835
[22/May/2026 16:52:25] "GET /api/readings/stats/ HTTP/1.1" 200 213
[22/May/2026 16:52:27] "GET /api/readings/latest/ HTTP/1.1" 200 139
[22/May/2026 16:52:27] "GET /api/readings/stats/ HTTP/1.1" 200 213
[22/May/2026 16:52:27] "GET /api/readings/ HTTP/1.1" 200 835
[22/May/2026 16:52:29] "GET /api/readings/latest/ HTTP/1.1" 200 139
[22/May/2026 16:52:29] "GET /api/readings/ HTTP/1.1" 200 835
[22/May/2026 16:52:29] "GET /api/readings/stats/ HTTP/1.1" 200 213
[22/May/2026 16:52:31] "GET /api/readings/latest/ HTTP/1.1" 200 139
[22/May/2026 16:52:31] "GET /api/readings/ HTTP/1.1" 200 835
[22/May/2026 16:52:31] "GET /api/readings/stats/ HTTP/1.1" 200 213
[22/May/2026 16:52:33] "GET /api/readings/latest/ HTTP/1.1" 200 139
[22/May/2026 16:52:33] "GET /api/readings/ HTTP/1.1" 200 835
[22/May/2026 16:52:33] "GET /api/readings/stats/ HTTP/1.1" 200 213
[22/May/2026 16:52:35] "GET /api/readings/latest/ HTTP/1.1" 200 139
[22/May/2026 16:52:35] "GET /api/readings/ HTTP/1.1" 200 835
[22/May/2026 16:52:35] "GET /api/readings/stats/ HTTP/1.1" 200 213
[22/May/2026 16:52:37] "GET /api/readings/latest/ HTTP/1.1" 200 139
[22/May/2026 16:52:37] "GET /api/readings/ HTTP/1.1" 200 835
[22/May/2026 16:52:37] "GET /api/readings/stats/ HTTP/1.1" 200 213
[22/May/2026 16:52:39] "GET /api/readings/latest/ HTTP/1.1" 200 139
[22/May/2026 16:52:39] "GET /api/readings/ HTTP/1.1" 200 835
[22/May/2026 16:52:39] "GET /api/readings/stats/ HTTP/1.1" 200 213
[22/May/2026 16:52:41] "GET /api/readings/latest/ HTTP/1.1" 200 139
[22/May/2026 16:52:41] "GET /api/readings/ HTTP/1.1" 200 835
[22/May/2026 16:52:41] "GET /api/readings/stats/ HTTP/1.1" 200 213
[22/May/2026 16:52:43] "GET /api/readings/latest/ HTTP/1.1" 200 139
[22/May/2026 16:52:43] "GET /api/readings/ HTTP/1.1" 200 835
[22/May/2026 16:52:43] "GET /api/readings/stats/ HTTP/1.1" 200 213
[22/May/2026 16:52:45] "GET /api/readings/latest/ HTTP/1.1" 200 139
[22/May/2026 16:52:45] "GET /api/readings/ HTTP/1.1" 200 835
[22/May/2026 16:52:45] "GET /api/readings/stats/ HTTP/1.1" 200 213
[22/May/2026 16:52:47] "GET /api/readings/ HTTP/1.1" 200 835
[22/May/2026 16:52:47] "GET /api/readings/latest/ HTTP/1.1" 200 139
[22/May/2026 16:52:47] "GET /api/readings/stats/ HTTP/1.1" 200 213
[22/May/2026 16:52:49] "GET /api/readings/latest/ HTTP/1.1" 200 139
[22/May/2026 16:52:49] "GET /api/readings/ HTTP/1.1" 200 835
[22/May/2026 16:52:49] "GET /api/readings/stats/ HTTP/1.1" 200 213
[22/May/2026 16:52:51] "GET /api/readings/ HTTP/1.1" 200 835
[22/May/2026 16:52:51] "GET /api/readings/stats/ HTTP/1.1" 200 213
[22/May/2026 16:52:51] "GET /api/readings/latest/ HTTP/1.1" 200 139
[22/May/2026 16:52:53] "GET /api/readings/ HTTP/1.1" 200 835
[22/May/2026 16:52:53] "GET /api/readings/latest/ HTTP/1.1" 200 139
[22/May/2026 16:52:53] "GET /api/readings/stats/ HTTP/1.1" 200 213
[22/May/2026 16:52:55] "GET /api/readings/latest/ HTTP/1.1" 200 139
[22/May/2026 16:52:55] "GET /api/readings/stats/ HTTP/1.1" 200 213
[22/May/2026 16:52:55] "GET /api/readings/ HTTP/1.1" 200 835
[22/May/2026 16:52:57] "GET /api/readings/ HTTP/1.1" 200 835
[22/May/2026 16:52:57] "GET /api/readings/latest/ HTTP/1.1" 200 139
[22/May/2026 16:52:57] "GET /api/readings/stats/ HTTP/1.1" 200 213
[22/May/2026 16:52:59] "GET /api/readings/latest/ HTTP/1.1" 200 139
[22/May/2026 16:52:59] "GET /api/readings/ HTTP/1.1" 200 835
[22/May/2026 16:52:59] "GET /api/readings/stats/ HTTP/1.1" 200 213
[22/May/2026 16:53:01] "GET /api/readings/ HTTP/1.1" 200 835
[22/May/2026 16:53:01] "GET /api/readings/latest/ HTTP/1.1" 200 139
[22/May/2026 16:53:01] "GET /api/readings/stats/ HTTP/1.1" 200 213
[22/May/2026 16:53:03] "GET /api/readings/latest/ HTTP/1.1" 200 139
[22/May/2026 16:53:03] "GET /api/readings/ HTTP/1.1" 200 835
[22/May/2026 16:53:03] "GET /api/readings/stats/ HTTP/1.1" 200 213
[22/May/2026 16:53:05] "GET /api/readings/latest/ HTTP/1.1" 200 139
[22/May/2026 16:53:05] "GET /api/readings/ HTTP/1.1" 200 835
[22/May/2026 16:53:05] "GET /api/readings/stats/ HTTP/1.1" 200 213
[22/May/2026 16:53:07] "GET /api/readings/latest/ HTTP/1.1" 200 139
[22/May/2026 16:53:07] "GET /api/readings/ HTTP/1.1" 200 835
[22/May/2026 16:53:07] "GET /api/readings/stats/ HTTP/1.1" 200 213
[22/May/2026 16:53:09] "GET /api/readings/ HTTP/1.1" 200 835
[22/May/2026 16:53:09] "GET /api/readings/latest/ HTTP/1.1" 200 139
[22/May/2026 16:53:09] "GET /api/readings/stats/ HTTP/1.1" 200 213
[22/May/2026 16:53:11] "GET /api/readings/latest/ HTTP/1.1" 200 139
[22/May/2026 16:53:11] "GET /api/readings/ HTTP/1.1" 200 835
[22/May/2026 16:53:11] "GET /api/readings/stats/ HTTP/1.1" 200 213
[22/May/2026 16:53:13] "GET /api/readings/ HTTP/1.1" 200 835
[22/May/2026 16:53:13] "GET /api/readings/latest/ HTTP/1.1" 200 139
[22/May/2026 16:53:13] "GET /api/readings/stats/ HTTP/1.1" 200 213
[22/May/2026 16:53:15] "GET /api/readings/latest/ HTTP/1.1" 200 139
[22/May/2026 16:53:15] "GET /api/readings/ HTTP/1.1" 200 835
[22/May/2026 16:53:15] "GET /api/readings/stats/ HTTP/1.1" 200 213
[22/May/2026 16:53:17] "GET /api/readings/ HTTP/1.1" 200 835
[22/May/2026 16:53:17] "GET /api/readings/latest/ HTTP/1.1" 200 139
[22/May/2026 16:53:17] "GET /api/readings/stats/ HTTP/1.1" 200 213
[22/May/2026 16:53:19] "GET /api/readings/latest/ HTTP/1.1" 200 139
[22/May/2026 16:53:19] "GET /api/readings/stats/ HTTP/1.1" 200 213
[22/May/2026 16:53:19] "GET /api/readings/ HTTP/1.1" 200 835
[22/May/2026 16:53:21] "GET /api/readings/latest/ HTTP/1.1" 200 139
[22/May/2026 16:53:21] "GET /api/readings/ HTTP/1.1" 200 835
[22/May/2026 16:53:21] "GET /api/readings/stats/ HTTP/1.1" 200 213
[22/May/2026 16:53:23] "GET /api/readings/latest/ HTTP/1.1" 200 139
[22/May/2026 16:53:23] "GET /api/readings/ HTTP/1.1" 200 835
[22/May/2026 16:53:23] "GET /api/readings/stats/ HTTP/1.1" 200 213
[22/May/2026 16:53:25] "GET /api/readings/latest/ HTTP/1.1" 200 139
[22/May/2026 16:53:25] "GET /api/readings/ HTTP/1.1" 200 835
[22/May/2026 16:53:25] "GET /api/readings/stats/ HTTP/1.1" 200 213
[22/May/2026 16:53:27] "GET /api/readings/ HTTP/1.1" 200 835
[22/May/2026 16:53:27] "GET /api/readings/latest/ HTTP/1.1" 200 139
[22/May/2026 16:53:27] "GET /api/readings/stats/ HTTP/1.1" 200 213
[22/May/2026 16:53:29] "GET /api/readings/ HTTP/1.1" 200 835
[22/May/2026 16:53:29] "GET /api/readings/latest/ HTTP/1.1" 200 139
[22/May/2026 16:53:29] "GET /api/readings/stats/ HTTP/1.1" 200 213
[22/May/2026 16:53:31] "GET /api/readings/latest/ HTTP/1.1" 200 139
[22/May/2026 16:53:31] "GET /api/readings/ HTTP/1.1" 200 835
[22/May/2026 16:53:31] "GET /api/readings/stats/ HTTP/1.1" 200 213
[22/May/2026 16:53:33] "GET /api/readings/ HTTP/1.1" 200 835
[22/May/2026 16:53:33] "GET /api/readings/latest/ HTTP/1.1" 200 139
[22/May/2026 16:53:33] "GET /api/readings/stats/ HTTP/1.1" 200 213
[22/May/2026 16:53:35] "GET /api/readings/latest/ HTTP/1.1" 200 139
[22/May/2026 16:53:35] "GET /api/readings/ HTTP/1.1" 200 835
[22/May/2026 16:53:35] "GET /api/readings/stats/ HTTP/1.1" 200 213
[22/May/2026 16:53:38] "GET /api/readings/ HTTP/1.1" 200 835
[22/May/2026 16:53:38] "GET /api/readings/latest/ HTTP/1.1" 200 139
[22/May/2026 16:53:38] "GET /api/readings/stats/ HTTP/1.1" 200 213
[22/May/2026 16:53:40] "GET /api/readings/latest/ HTTP/1.1" 200 139
[22/May/2026 16:53:40] "GET /api/readings/ HTTP/1.1" 200 835
[22/May/2026 16:53:40] "GET /api/readings/stats/ HTTP/1.1" 200 213
[22/May/2026 16:53:42] "GET /api/readings/latest/ HTTP/1.1" 200 139
[22/May/2026 16:53:42] "GET /api/readings/ HTTP/1.1" 200 835
[22/May/2026 16:53:42] "GET /api/readings/stats/ HTTP/1.1" 200 213
[22/May/2026 16:53:44] "GET /api/readings/latest/ HTTP/1.1" 200 139
[22/May/2026 16:53:44] "GET /api/readings/ HTTP/1.1" 200 835
[22/May/2026 16:53:44] "GET /api/readings/stats/ HTTP/1.1" 200 213
[22/May/2026 16:53:46] "GET /api/readings/ HTTP/1.1" 200 835
[22/May/2026 16:53:46] "GET /api/readings/latest/ HTTP/1.1" 200 139
[22/May/2026 16:53:46] "GET /api/readings/stats/ HTTP/1.1" 200 213
[22/May/2026 16:53:48] "GET /api/readings/latest/ HTTP/1.1" 200 139
[22/May/2026 16:53:48] "GET /api/readings/stats/ HTTP/1.1" 200 213
[22/May/2026 16:53:48] "GET /api/readings/ HTTP/1.1" 200 835
[22/May/2026 16:53:50] "GET /api/readings/latest/ HTTP/1.1" 200 139
[22/May/2026 16:53:50] "GET /api/readings/ HTTP/1.1" 200 835
[22/May/2026 16:53:50] "GET /api/readings/stats/ HTTP/1.1" 200 213
[22/May/2026 16:53:52] "GET /api/readings/latest/ HTTP/1.1" 200 139
[22/May/2026 16:53:52] "GET /api/readings/ HTTP/1.1" 200 835
[22/May/2026 16:53:52] "GET /api/readings/stats/ HTTP/1.1" 200 213
[22/May/2026 16:53:54] "GET /api/readings/latest/ HTTP/1.1" 200 139
[22/May/2026 16:53:54] "GET /api/readings/ HTTP/1.1" 200 835
[22/May/2026 16:53:54] "GET /api/readings/stats/ HTTP/1.1" 200 213
[22/May/2026 16:53:56] "GET /api/readings/ HTTP/1.1" 200 835
[22/May/2026 16:53:56] "GET /api/readings/latest/ HTTP/1.1" 200 139
[22/May/2026 16:53:56] "GET /api/readings/stats/ HTTP/1.1" 200 213
[22/May/2026 16:53:58] "GET /api/readings/latest/ HTTP/1.1" 200 139
[22/May/2026 16:53:58] "GET /api/readings/ HTTP/1.1" 200 835
[22/May/2026 16:53:58] "GET /api/readings/stats/ HTTP/1.1" 200 213
[22/May/2026 16:54:00] "GET /api/readings/latest/ HTTP/1.1" 200 139
[22/May/2026 16:54:00] "GET /api/readings/ HTTP/1.1" 200 835
[22/May/2026 16:54:00] "GET /api/readings/stats/ HTTP/1.1" 200 213
[22/May/2026 16:54:02] "GET /api/readings/latest/ HTTP/1.1" 200 139
[22/May/2026 16:54:02] "GET /api/readings/ HTTP/1.1" 200 835
[22/May/2026 16:54:02] "GET /api/readings/stats/ HTTP/1.1" 200 213
[22/May/2026 16:54:04] "GET /api/readings/ HTTP/1.1" 200 835
[22/May/2026 16:54:04] "GET /api/readings/latest/ HTTP/1.1" 200 139
[22/May/2026 16:54:04] "GET /api/readings/stats/ HTTP/1.1" 200 213
[22/May/2026 16:54:06] "GET /api/readings/latest/ HTTP/1.1" 200 139
[22/May/2026 16:54:06] "GET /api/readings/ HTTP/1.1" 200 835
[22/May/2026 16:54:06] "GET /api/readings/stats/ HTTP/1.1" 200 213
[22/May/2026 16:54:07] "GET /api/readings/ HTTP/1.1" 200 835
[22/May/2026 16:54:07] "GET /api/readings/latest/ HTTP/1.1" 200 139
[22/May/2026 16:54:07] "GET /api/readings/stats/ HTTP/1.1" 200 213
[22/May/2026 16:54:09] "GET /api/readings/ HTTP/1.1" 200 835
[22/May/2026 16:54:09] "GET /api/readings/latest/ HTTP/1.1" 200 139
[22/May/2026 16:54:09] "GET /api/readings/stats/ HTTP/1.1" 200 213
[22/May/2026 16:54:11] "GET /api/readings/ HTTP/1.1" 200 835
[22/May/2026 16:54:11] "GET /api/readings/latest/ HTTP/1.1" 200 139
[22/May/2026 16:54:11] "GET /api/readings/stats/ HTTP/1.1" 200 213
[22/May/2026 16:54:13] "GET /api/readings/latest/ HTTP/1.1" 200 139
[22/May/2026 16:54:13] "GET /api/readings/ HTTP/1.1" 200 835
[22/May/2026 16:54:13] "GET /api/readings/stats/ HTTP/1.1" 200 213
[22/May/2026 16:54:15] "GET /api/readings/ HTTP/1.1" 200 835
[22/May/2026 16:54:15] "GET /api/readings/stats/ HTTP/1.1" 200 213
[22/May/2026 16:54:15] "GET /api/readings/latest/ HTTP/1.1" 200 139
[22/May/2026 16:54:17] "GET /api/readings/latest/ HTTP/1.1" 200 139
[22/May/2026 16:54:17] "GET /api/readings/ HTTP/1.1" 200 835
[22/May/2026 16:54:17] "GET /api/readings/stats/ HTTP/1.1" 200 213
[22/May/2026 16:54:19] "GET /api/readings/ HTTP/1.1" 200 835
[22/May/2026 16:54:19] "GET /api/readings/latest/ HTTP/1.1" 200 139
[22/May/2026 16:54:19] "GET /api/readings/stats/ HTTP/1.1" 200 213
[22/May/2026 16:54:21] "GET /api/readings/latest/ HTTP/1.1" 200 139
[22/May/2026 16:54:21] "GET /api/readings/ HTTP/1.1" 200 835
[22/May/2026 16:54:21] "GET /api/readings/stats/ HTTP/1.1" 200 213
[22/May/2026 16:54:23] "GET /api/readings/latest/ HTTP/1.1" 200 139
[22/May/2026 16:54:23] "GET /api/readings/ HTTP/1.1" 200 835
[22/May/2026 16:54:23] "GET /api/readings/stats/ HTTP/1.1" 200 213
[22/May/2026 16:54:25] "GET /api/readings/ HTTP/1.1" 200 835
[22/May/2026 16:54:25] "GET /api/readings/latest/ HTTP/1.1" 200 139
[22/May/2026 16:54:25] "GET /api/readings/stats/ HTTP/1.1" 200 213
[22/May/2026 16:54:27] "GET /api/readings/latest/ HTTP/1.1" 200 139
[22/May/2026 16:54:27] "GET /api/readings/ HTTP/1.1" 200 835
[22/May/2026 16:54:27] "GET /api/readings/stats/ HTTP/1.1" 200 213
[22/May/2026 16:54:29] "GET /api/readings/latest/ HTTP/1.1" 200 139
[22/May/2026 16:54:29] "GET /api/readings/stats/ HTTP/1.1" 200 213
[22/May/2026 16:54:29] "GET /api/readings/ HTTP/1.1" 200 835
[22/May/2026 16:54:31] "GET /api/readings/ HTTP/1.1" 200 835
[22/May/2026 16:54:31] "GET /api/readings/latest/ HTTP/1.1" 200 139
[22/May/2026 16:54:31] "GET /api/readings/stats/ HTTP/1.1" 200 213
[22/May/2026 16:54:33] "GET /api/readings/latest/ HTTP/1.1" 200 139
[22/May/2026 16:54:33] "GET /api/readings/stats/ HTTP/1.1" 200 213
[22/May/2026 16:54:33] "GET /api/readings/ HTTP/1.1" 200 835
[22/May/2026 16:54:35] "GET /api/readings/latest/ HTTP/1.1" 200 139
[22/May/2026 16:54:35] "GET /api/readings/ HTTP/1.1" 200 835
[22/May/2026 16:54:35] "GET /api/readings/stats/ HTTP/1.1" 200 213
[22/May/2026 16:54:37] "GET /api/readings/latest/ HTTP/1.1" 200 139
[22/May/2026 16:54:37] "GET /api/readings/ HTTP/1.1" 200 835
[22/May/2026 16:54:37] "GET /api/readings/stats/ HTTP/1.1" 200 213
[22/May/2026 16:54:39] "GET /api/readings/ HTTP/1.1" 200 835
[22/May/2026 16:54:39] "GET /api/readings/latest/ HTTP/1.1" 200 139
[22/May/2026 16:54:39] "GET /api/readings/stats/ HTTP/1.1" 200 213
[22/May/2026 16:54:41] "GET /api/readings/ HTTP/1.1" 200 835
[22/May/2026 16:54:41] "GET /api/readings/latest/ HTTP/1.1" 200 139
[22/May/2026 16:54:41] "GET /api/readings/stats/ HTTP/1.1" 200 213
[22/May/2026 16:54:43] "GET /api/readings/ HTTP/1.1" 200 835
[22/May/2026 16:54:43] "GET /api/readings/latest/ HTTP/1.1" 200 139
[22/May/2026 16:54:43] "GET /api/readings/stats/ HTTP/1.1" 200 213
[22/May/2026 16:54:45] "GET /api/readings/ HTTP/1.1" 200 835
[22/May/2026 16:54:45] "GET /api/readings/latest/ HTTP/1.1" 200 139
[22/May/2026 16:54:45] "GET /api/readings/stats/ HTTP/1.1" 200 213
[22/May/2026 16:54:47] "GET /api/readings/latest/ HTTP/1.1" 200 139
[22/May/2026 16:54:47] "GET /api/readings/ HTTP/1.1" 200 835
[22/May/2026 16:54:47] "GET /api/readings/stats/ HTTP/1.1" 200 213
[22/May/2026 16:54:49] "GET /api/readings/ HTTP/1.1" 200 835
[22/May/2026 16:54:49] "GET /api/readings/latest/ HTTP/1.1" 200 139
[22/May/2026 16:54:49] "GET /api/readings/stats/ HTTP/1.1" 200 213
[22/May/2026 16:54:51] "GET /api/readings/ HTTP/1.1" 200 835
[22/May/2026 16:54:51] "GET /api/readings/latest/ HTTP/1.1" 200 139
[22/May/2026 16:54:51] "GET /api/readings/stats/ HTTP/1.1" 200 213
[22/May/2026 16:54:53] "GET /api/readings/latest/ HTTP/1.1" 200 139
[22/May/2026 16:54:53] "GET /api/readings/stats/ HTTP/1.1" 200 213
[22/May/2026 16:54:53] "GET /api/readings/ HTTP/1.1" 200 835
[22/May/2026 16:54:55] "GET /api/readings/ HTTP/1.1" 200 835
[22/May/2026 16:54:55] "GET /api/readings/latest/ HTTP/1.1" 200 139
[22/May/2026 16:54:55] "GET /api/readings/stats/ HTTP/1.1" 200 213
[22/May/2026 16:54:57] "GET /api/readings/ HTTP/1.1" 200 835
[22/May/2026 16:54:57] "GET /api/readings/latest/ HTTP/1.1" 200 139
[22/May/2026 16:54:57] "GET /api/readings/stats/ HTTP/1.1" 200 213
[22/May/2026 16:54:59] "POST /api/readings/ HTTP/1.1" 201 139
[22/May/2026 16:54:59] "GET /api/readings/ HTTP/1.1" 200 975
[22/May/2026 16:54:59] "GET /api/readings/stats/ HTTP/1.1" 200 213
[22/May/2026 16:54:59] "GET /api/readings/latest/ HTTP/1.1" 200 139
[22/May/2026 16:54:59] "GET /api/readings/latest/ HTTP/1.1" 200 139
[22/May/2026 16:54:59] "GET /api/readings/ HTTP/1.1" 200 975
[22/May/2026 16:54:59] "GET /api/readings/stats/ HTTP/1.1" 200 213
[22/May/2026 16:55:01] "GET /api/readings/ HTTP/1.1" 200 975
[22/May/2026 16:55:01] "GET /api/readings/latest/ HTTP/1.1" 200 139
[22/May/2026 16:55:01] "GET /api/readings/stats/ HTTP/1.1" 200 213
[22/May/2026 16:55:02] "GET /api/readings/latest/ HTTP/1.1" 200 139
[22/May/2026 16:55:02] "GET /api/readings/ HTTP/1.1" 200 975
[22/May/2026 16:55:02] "GET /api/readings/stats/ HTTP/1.1" 200 213
[22/May/2026 16:55:03] "GET /api/readings/ HTTP/1.1" 200 975
[22/May/2026 16:55:03] "GET /api/readings/latest/ HTTP/1.1" 200 139
[22/May/2026 16:55:03] "GET /api/readings/stats/ HTTP/1.1" 200 213
[22/May/2026 16:55:05] "GET /api/readings/latest/ HTTP/1.1" 200 139
[22/May/2026 16:55:05] "GET /api/readings/ HTTP/1.1" 200 975
[22/May/2026 16:55:05] "GET /api/readings/stats/ HTTP/1.1" 200 213
[22/May/2026 16:55:07] "GET /api/readings/ HTTP/1.1" 200 975
[22/May/2026 16:55:07] "GET /api/readings/latest/ HTTP/1.1" 200 139
[22/May/2026 16:55:07] "GET /api/readings/stats/ HTTP/1.1" 200 213
[22/May/2026 16:55:09] "GET /api/readings/latest/ HTTP/1.1" 200 139
[22/May/2026 16:55:09] "GET /api/readings/ HTTP/1.1" 200 975
[22/May/2026 16:55:09] "GET /api/readings/stats/ HTTP/1.1" 200 213
[22/May/2026 16:55:11] "GET /api/readings/ HTTP/1.1" 200 975
[22/May/2026 16:55:11] "GET /api/readings/stats/ HTTP/1.1" 200 213
[22/May/2026 16:55:11] "GET /api/readings/latest/ HTTP/1.1" 200 139
[22/May/2026 16:55:13] "GET /api/readings/ HTTP/1.1" 200 975
[22/May/2026 16:55:13] "GET /api/readings/stats/ HTTP/1.1" 200 213
[22/May/2026 16:55:13] "GET /api/readings/latest/ HTTP/1.1" 200 139
[22/May/2026 16:55:15] "GET /api/readings/latest/ HTTP/1.1" 200 139
[22/May/2026 16:55:15] "GET /api/readings/ HTTP/1.1" 200 975
[22/May/2026 16:55:15] "GET /api/readings/stats/ HTTP/1.1" 200 213
[22/May/2026 16:55:17] "GET /api/readings/latest/ HTTP/1.1" 200 139
[22/May/2026 16:55:17] "GET /api/readings/ HTTP/1.1" 200 975
[22/May/2026 16:55:17] "GET /api/readings/stats/ HTTP/1.1" 200 213
[22/May/2026 16:55:19] "GET /api/readings/ HTTP/1.1" 200 975
[22/May/2026 16:55:19] "GET /api/readings/latest/ HTTP/1.1" 200 139
[22/May/2026 16:55:19] "GET /api/readings/stats/ HTTP/1.1" 200 213
[22/May/2026 16:55:21] "GET /api/readings/ HTTP/1.1" 200 975
[22/May/2026 16:55:21] "GET /api/readings/stats/ HTTP/1.1" 200 213
[22/May/2026 16:55:21] "GET /api/readings/latest/ HTTP/1.1" 200 139
[22/May/2026 16:55:23] "GET /api/readings/ HTTP/1.1" 200 975
[22/May/2026 16:55:23] "GET /api/readings/stats/ HTTP/1.1" 200 213
[22/May/2026 16:55:23] "GET /api/readings/latest/ HTTP/1.1" 200 139
[22/May/2026 16:55:25] "GET /api/readings/latest/ HTTP/1.1" 200 139
[22/May/2026 16:55:25] "GET /api/readings/ HTTP/1.1" 200 975
[22/May/2026 16:55:25] "GET /api/readings/stats/ HTTP/1.1" 200 213
[22/May/2026 16:55:27] "GET /api/readings/ HTTP/1.1" 200 975
[22/May/2026 16:55:27] "GET /api/readings/latest/ HTTP/1.1" 200 139
[22/May/2026 16:55:27] "GET /api/readings/stats/ HTTP/1.1" 200 213
[22/May/2026 16:55:29] "GET /api/readings/ HTTP/1.1" 200 975
[22/May/2026 16:55:29] "GET /api/readings/latest/ HTTP/1.1" 200 139
[22/May/2026 16:55:29] "GET /api/readings/stats/ HTTP/1.1" 200 213
[22/May/2026 16:55:31] "GET /api/readings/latest/ HTTP/1.1" 200 139
[22/May/2026 16:55:31] "GET /api/readings/stats/ HTTP/1.1" 200 213
[22/May/2026 16:55:31] "GET /api/readings/ HTTP/1.1" 200 975
[22/May/2026 16:55:33] "GET /api/readings/ HTTP/1.1" 200 975
[22/May/2026 16:55:33] "GET /api/readings/latest/ HTTP/1.1" 200 139
[22/May/2026 16:55:33] "GET /api/readings/stats/ HTTP/1.1" 200 213
[22/May/2026 16:55:35] "GET /api/readings/ HTTP/1.1" 200 975
[22/May/2026 16:55:35] "GET /api/readings/latest/ HTTP/1.1" 200 139
[22/May/2026 16:55:35] "GET /api/readings/stats/ HTTP/1.1" 200 213
[22/May/2026 16:55:37] "GET /api/readings/latest/ HTTP/1.1" 200 139
[22/May/2026 16:55:37] "GET /api/readings/stats/ HTTP/1.1" 200 213
[22/May/2026 16:55:37] "GET /api/readings/ HTTP/1.1" 200 975
[22/May/2026 16:55:39] "GET /api/readings/latest/ HTTP/1.1" 200 139
[22/May/2026 16:55:39] "GET /api/readings/ HTTP/1.1" 200 975
[22/May/2026 16:55:39] "GET /api/readings/stats/ HTTP/1.1" 200 213
[22/May/2026 16:55:41] "GET /api/readings/latest/ HTTP/1.1" 200 139
[22/May/2026 16:55:41] "GET /api/readings/ HTTP/1.1" 200 975
[22/May/2026 16:55:41] "GET /api/readings/stats/ HTTP/1.1" 200 213
[22/May/2026 16:55:43] "GET /api/readings/ HTTP/1.1" 200 975
[22/May/2026 16:55:43] "GET /api/readings/latest/ HTTP/1.1" 200 139
[22/May/2026 16:55:43] "GET /api/readings/stats/ HTTP/1.1" 200 213
[22/May/2026 16:55:45] "GET /api/readings/ HTTP/1.1" 200 975
[22/May/2026 16:55:45] "GET /api/readings/latest/ HTTP/1.1" 200 139
[22/May/2026 16:55:45] "GET /api/readings/stats/ HTTP/1.1" 200 213
[22/May/2026 16:55:47] "GET /api/readings/latest/ HTTP/1.1" 200 139
[22/May/2026 16:55:47] "GET /api/readings/ HTTP/1.1" 200 975
[22/May/2026 16:55:47] "GET /api/readings/stats/ HTTP/1.1" 200 213
[22/May/2026 16:55:49] "GET /api/readings/ HTTP/1.1" 200 975
[22/May/2026 16:55:49] "GET /api/readings/latest/ HTTP/1.1" 200 139
[22/May/2026 16:55:49] "GET /api/readings/stats/ HTTP/1.1" 200 213
[22/May/2026 16:55:51] "GET /api/readings/ HTTP/1.1" 200 975
[22/May/2026 16:55:51] "GET /api/readings/latest/ HTTP/1.1" 200 139
[22/May/2026 16:55:51] "GET /api/readings/stats/ HTTP/1.1" 200 213
[22/May/2026 16:55:53] "GET /api/readings/latest/ HTTP/1.1" 200 139
[22/May/2026 16:55:53] "GET /api/readings/ HTTP/1.1" 200 975
[22/May/2026 16:55:53] "GET /api/readings/stats/ HTTP/1.1" 200 213
[22/May/2026 16:55:55] "GET /api/readings/ HTTP/1.1" 200 975
[22/May/2026 16:55:55] "GET /api/readings/latest/ HTTP/1.1" 200 139
[22/May/2026 16:55:55] "GET /api/readings/stats/ HTTP/1.1" 200 213
[22/May/2026 16:55:57] "GET /api/readings/latest/ HTTP/1.1" 200 139
[22/May/2026 16:55:57] "GET /api/readings/ HTTP/1.1" 200 975
[22/May/2026 16:55:57] "GET /api/readings/stats/ HTTP/1.1" 200 213
[22/May/2026 16:55:59] "GET /api/readings/ HTTP/1.1" 200 975
[22/May/2026 16:55:59] "GET /api/readings/latest/ HTTP/1.1" 200 139
[22/May/2026 16:55:59] "GET /api/readings/stats/ HTTP/1.1" 200 213
[22/May/2026 16:56:01] "GET /api/readings/latest/ HTTP/1.1" 200 139
[22/May/2026 16:56:01] "GET /api/readings/ HTTP/1.1" 200 975
[22/May/2026 16:56:01] "GET /api/readings/stats/ HTTP/1.1" 200 213
[22/May/2026 16:56:03] "GET /api/readings/ HTTP/1.1" 200 975
[22/May/2026 16:56:03] "GET /api/readings/latest/ HTTP/1.1" 200 139
[22/May/2026 16:56:03] "GET /api/readings/stats/ HTTP/1.1" 200 213
[22/May/2026 16:56:05] "GET /api/readings/ HTTP/1.1" 200 975
[22/May/2026 16:56:05] "GET /api/readings/latest/ HTTP/1.1" 200 139
[22/May/2026 16:56:05] "GET /api/readings/stats/ HTTP/1.1" 200 213
[22/May/2026 16:56:07] "GET /api/readings/latest/ HTTP/1.1" 200 139
[22/May/2026 16:56:07] "GET /api/readings/ HTTP/1.1" 200 975
[22/May/2026 16:56:07] "GET /api/readings/stats/ HTTP/1.1" 200 213
[22/May/2026 16:56:09] "GET /api/readings/ HTTP/1.1" 200 975
[22/May/2026 16:56:09] "GET /api/readings/latest/ HTTP/1.1" 200 139
[22/May/2026 16:56:09] "GET /api/readings/stats/ HTTP/1.1" 200 213
[22/May/2026 16:56:11] "GET /api/readings/latest/ HTTP/1.1" 200 139
[22/May/2026 16:56:11] "GET /api/readings/stats/ HTTP/1.1" 200 213
[22/May/2026 16:56:11] "GET /api/readings/ HTTP/1.1" 200 975
[22/May/2026 16:56:13] "GET /api/readings/latest/ HTTP/1.1" 200 139
[22/May/2026 16:56:13] "GET /api/readings/ HTTP/1.1" 200 975
[22/May/2026 16:56:13] "GET /api/readings/stats/ HTTP/1.1" 200 213
[22/May/2026 16:56:15] "GET /api/readings/latest/ HTTP/1.1" 200 139
[22/May/2026 16:56:15] "GET /api/readings/ HTTP/1.1" 200 975
[22/May/2026 16:56:15] "GET /api/readings/stats/ HTTP/1.1" 200 213
[22/May/2026 16:56:17] "GET /api/readings/ HTTP/1.1" 200 975
[22/May/2026 16:56:17] "GET /api/readings/latest/ HTTP/1.1" 200 139
[22/May/2026 16:56:17] "GET /api/readings/stats/ HTTP/1.1" 200 213
[22/May/2026 16:56:20] "GET /api/readings/latest/ HTTP/1.1" 200 139
[22/May/2026 16:56:20] "GET /api/readings/ HTTP/1.1" 200 975
[22/May/2026 16:56:20] "GET /api/readings/stats/ HTTP/1.1" 200 213
[22/May/2026 16:56:22] "GET /api/readings/latest/ HTTP/1.1" 200 139
[22/May/2026 16:56:22] "GET /api/readings/ HTTP/1.1" 200 975
[22/May/2026 16:56:22] "GET /api/readings/stats/ HTTP/1.1" 200 213
[22/May/2026 16:56:24] "GET /api/readings/latest/ HTTP/1.1" 200 139
[22/May/2026 16:56:24] "GET /api/readings/ HTTP/1.1" 200 975
[22/May/2026 16:56:24] "GET /api/readings/stats/ HTTP/1.1" 200 213
[22/May/2026 16:56:26] "GET /api/readings/latest/ HTTP/1.1" 200 139
[22/May/2026 16:56:26] "GET /api/readings/ HTTP/1.1" 200 975
[22/May/2026 16:56:26] "GET /api/readings/stats/ HTTP/1.1" 200 213
[22/May/2026 16:56:28] "GET /api/readings/latest/ HTTP/1.1" 200 139
[22/May/2026 16:56:28] "GET /api/readings/ HTTP/1.1" 200 975
[22/May/2026 16:56:28] "GET /api/readings/stats/ HTTP/1.1" 200 213
[22/May/2026 16:56:30] "GET /api/readings/latest/ HTTP/1.1" 200 139
[22/May/2026 16:56:30] "GET /api/readings/ HTTP/1.1" 200 975
[22/May/2026 16:56:30] "GET /api/readings/stats/ HTTP/1.1" 200 213
[22/May/2026 16:56:32] "GET /api/readings/ HTTP/1.1" 200 975
[22/May/2026 16:56:32] "GET /api/readings/stats/ HTTP/1.1" 200 213
[22/May/2026 16:56:32] "GET /api/readings/latest/ HTTP/1.1" 200 139
[22/May/2026 16:56:34] "GET /api/readings/latest/ HTTP/1.1" 200 139
[22/May/2026 16:56:34] "GET /api/readings/ HTTP/1.1" 200 975
[22/May/2026 16:56:34] "GET /api/readings/stats/ HTTP/1.1" 200 213
[22/May/2026 16:56:36] "GET /api/readings/ HTTP/1.1" 200 975
[22/May/2026 16:56:36] "GET /api/readings/latest/ HTTP/1.1" 200 139
[22/May/2026 16:56:36] "GET /api/readings/stats/ HTTP/1.1" 200 213
[22/May/2026 16:56:38] "GET /api/readings/ HTTP/1.1" 200 975
[22/May/2026 16:56:38] "GET /api/readings/latest/ HTTP/1.1" 200 139
[22/May/2026 16:56:38] "GET /api/readings/stats/ HTTP/1.1" 200 213
[22/May/2026 16:56:40] "GET /api/readings/ HTTP/1.1" 200 975
[22/May/2026 16:56:40] "GET /api/readings/latest/ HTTP/1.1" 200 139
[22/May/2026 16:56:40] "GET /api/readings/stats/ HTTP/1.1" 200 213
[22/May/2026 16:56:42] "GET /api/readings/ HTTP/1.1" 200 975
[22/May/2026 16:56:42] "GET /api/readings/latest/ HTTP/1.1" 200 139
[22/May/2026 16:56:42] "GET /api/readings/stats/ HTTP/1.1" 200 213
[22/May/2026 16:56:44] "GET /api/readings/latest/ HTTP/1.1" 200 139
[22/May/2026 16:56:44] "GET /api/readings/ HTTP/1.1" 200 975
[22/May/2026 16:56:44] "GET /api/readings/stats/ HTTP/1.1" 200 213
[22/May/2026 16:56:46] "GET /api/readings/latest/ HTTP/1.1" 200 139
[22/May/2026 16:56:46] "GET /api/readings/ HTTP/1.1" 200 975
[22/May/2026 16:56:46] "GET /api/readings/stats/ HTTP/1.1" 200 213
[22/May/2026 16:56:48] "GET /api/readings/latest/ HTTP/1.1" 200 139
[22/May/2026 16:56:48] "GET /api/readings/ HTTP/1.1" 200 975
[22/May/2026 16:56:48] "GET /api/readings/stats/ HTTP/1.1" 200 213
[22/May/2026 16:56:50] "GET /api/readings/ HTTP/1.1" 200 975
[22/May/2026 16:56:50] "GET /api/readings/latest/ HTTP/1.1" 200 139
[22/May/2026 16:56:50] "GET /api/readings/stats/ HTTP/1.1" 200 213
[22/May/2026 16:56:52] "GET /api/readings/ HTTP/1.1" 200 975
[22/May/2026 16:56:52] "GET /api/readings/latest/ HTTP/1.1" 200 139
[22/May/2026 16:56:52] "GET /api/readings/stats/ HTTP/1.1" 200 213
[22/May/2026 16:56:54] "GET /api/readings/ HTTP/1.1" 200 975
[22/May/2026 16:56:54] "GET /api/readings/latest/ HTTP/1.1" 200 139
[22/May/2026 16:56:54] "GET /api/readings/stats/ HTTP/1.1" 200 213
[22/May/2026 16:56:56] "GET /api/readings/latest/ HTTP/1.1" 200 139
[22/May/2026 16:56:56] "GET /api/readings/ HTTP/1.1" 200 975
[22/May/2026 16:56:56] "GET /api/readings/stats/ HTTP/1.1" 200 213
[22/May/2026 16:56:58] "GET /api/readings/ HTTP/1.1" 200 975
[22/May/2026 16:56:58] "GET /api/readings/latest/ HTTP/1.1" 200 139
[22/May/2026 16:56:58] "GET /api/readings/stats/ HTTP/1.1" 200 213
[22/May/2026 16:57:00] "GET /api/readings/latest/ HTTP/1.1" 200 139
[22/May/2026 16:57:00] "GET /api/readings/ HTTP/1.1" 200 975
[22/May/2026 16:57:00] "GET /api/readings/stats/ HTTP/1.1" 200 213
[22/May/2026 16:57:02] "GET /api/readings/latest/ HTTP/1.1" 200 139
[22/May/2026 16:57:02] "GET /api/readings/ HTTP/1.1" 200 975
[22/May/2026 16:57:02] "GET /api/readings/stats/ HTTP/1.1" 200 213
[22/May/2026 16:57:04] "GET /api/readings/latest/ HTTP/1.1" 200 139
[22/May/2026 16:57:04] "GET /api/readings/ HTTP/1.1" 200 975
[22/May/2026 16:57:04] "GET /api/readings/stats/ HTTP/1.1" 200 213
[22/May/2026 16:57:06] "GET /api/readings/latest/ HTTP/1.1" 200 139
[22/May/2026 16:57:06] "GET /api/readings/ HTTP/1.1" 200 975
[22/May/2026 16:57:06] "GET /api/readings/stats/ HTTP/1.1" 200 213
[22/May/2026 16:57:08] "GET /api/readings/latest/ HTTP/1.1" 200 139
[22/May/2026 16:57:08] "GET /api/readings/ HTTP/1.1" 200 975
[22/May/2026 16:57:08] "GET /api/readings/stats/ HTTP/1.1" 200 213
[22/May/2026 16:57:10] "GET /api/readings/latest/ HTTP/1.1" 200 139
[22/May/2026 16:57:10] "GET /api/readings/ HTTP/1.1" 200 975
[22/May/2026 16:57:10] "GET /api/readings/stats/ HTTP/1.1" 200 213
[22/May/2026 16:57:12] "GET /api/readings/latest/ HTTP/1.1" 200 139
[22/May/2026 16:57:12] "GET /api/readings/ HTTP/1.1" 200 975
[22/May/2026 16:57:12] "GET /api/readings/stats/ HTTP/1.1" 200 213
[22/May/2026 16:57:14] "GET /api/readings/ HTTP/1.1" 200 975
[22/May/2026 16:57:14] "GET /api/readings/latest/ HTTP/1.1" 200 139
[22/May/2026 16:57:14] "GET /api/readings/stats/ HTTP/1.1" 200 213
[22/May/2026 16:57:16] "GET /api/readings/ HTTP/1.1" 200 975
[22/May/2026 16:57:16] "GET /api/readings/latest/ HTTP/1.1" 200 139
[22/May/2026 16:57:16] "GET /api/readings/stats/ HTTP/1.1" 200 213
[22/May/2026 16:57:18] "GET /api/readings/ HTTP/1.1" 200 975
[22/May/2026 16:57:18] "GET /api/readings/latest/ HTTP/1.1" 200 139
[22/May/2026 16:57:18] "GET /api/readings/stats/ HTTP/1.1" 200 213
[22/May/2026 16:57:28] "GET /api/readings/latest/ HTTP/1.1" 200 139
[22/May/2026 16:57:28] "GET /api/readings/ HTTP/1.1" 200 975
[22/May/2026 16:57:28] "GET /api/readings/stats/ HTTP/1.1" 200 213
C:\Users\SAMUEL\OneDrive\Desktop\Sentinel-core\monitoring\serializers.py changed, reloading.
Watching for file changes with StatReloader
